*** Using Compiler 'V5.06 update 5 (build 528)', folder: 'D:\Keil5\ARM\ARMCC\Bin'
Rebuild target 'STM32F407'
compiling Chinese_Font16.c...
compiling Font_48.c...
compiling Font_22.c...
compiling Font_16.c...
compiling Font_32.c...
compiling Font_12.c...
compiling Image.c...
compiling Image_Main_Page.c...
compiling ImageTable.c...
compiling Image_Boot_Page.c...
compiling Image_Weather.c...
compiling Chinese_Font22.c...
compiling stm32f4xx_it.c...
compiling main.c...
compiling App.c...
compiling Board.c...
compiling Provision.c...
compiling bare_test.c...
compiling app_task.c...
compiling External_RTC.c...
..\BSP\Src\External_RTC.c(148): warning:  #177-D: function "DS1302_ReadReg"  was declared but never referenced
  static uint8_t DS1302_ReadReg(uint8_t cmd)
..\BSP\Src\External_RTC.c: 1 warning, 0 errors
compiling Boot_Page.c...
compiling DHT22.c...
compiling AT.c...
assembling startup_stm32f40xx.s...
compiling Main_Page.c...
compiling I2C.c...
compiling Light_Sensor.c...
compiling Timer.c...
compiling W25Q64.c...
compiling LCD.c...
compiling OLED.c...
compiling Usart.c...
compiling Profiling.c...
compiling misc.c...
compiling Asset.c...
compiling system_stm32f4xx.c...
compiling stm32f4xx_cec.c...
compiling stm32f4xx_adc.c...
compiling stm32f4xx_can.c...
compiling stm32f4xx_crc.c...
compiling stm32f4xx_cryp.c...
compiling stm32f4xx_cryp_des.c...
compiling stm32f4xx_cryp_tdes.c...
compiling stm32f4xx_dfsdm.c...
compiling stm32f4xx_dbgmcu.c...
compiling stm32f4xx_dac.c...
compiling stm32f4xx_dcmi.c...
compiling stm32f4xx_cryp_aes.c...
compiling stm32f4xx_dma.c...
compiling stm32f4xx_dsi.c...
compiling stm32f4xx_dma2d.c...
compiling stm32f4xx_exti.c...
compiling stm32f4xx_flash.c...
compiling stm32f4xx_flash_ramfunc.c...
compiling stm32f4xx_fmpi2c.c...
compiling stm32f4xx_hash_sha1.c...
compiling stm32f4xx_iwdg.c...
compiling stm32f4xx_gpio.c...
compiling stm32f4xx_lptim.c...
compiling stm32f4xx_hash_md5.c...
compiling stm32f4xx_fsmc.c...
compiling stm32f4xx_hash.c...
compiling stm32f4xx_i2c.c...
compiling stm32f4xx_pwr.c...
compiling stm32f4xx_ltdc.c...
compiling stm32f4xx_qspi.c...
compiling stm32f4xx_rng.c...
compiling stm32f4xx_rcc.c...
compiling stm32f4xx_sai.c...
compiling stm32f4xx_sdio.c...
compiling stm32f4xx_spdifrx.c...
compiling stm32f4xx_syscfg.c...
compiling stm32f4xx_wwdg.c...
compiling stm32f4xx_usart.c...
compiling stm32f4xx_spi.c...
compiling stm32f4xx_rtc.c...
compiling croutine.c...
compiling lfs_util.c...
compiling stm32f4xx_tim.c...
compiling event_groups.c...
compiling list.c...
compiling stream_buffer.c...
compiling queue.c...
compiling timers.c...
compiling port.c...
compiling lfs.c...
compiling LFS_Operation.c...
compiling heap_4.c...
compiling lfs_port.c...
compiling tasks.c...
linking...
Program Size: Code=29228 RO-data=369296 RW-data=172 ZI-data=99452  
".\Output\STM32F407.axf" - 0 Error(s), 1 Warning(s).
Build Time Elapsed:  00:00:06
