Component: ARM Compiler 5.06 update 5 (build 528) Tool: armlink [4d35e2]

==============================================================================

Section Cross References

    main.o(i.fputc) refers to stm32f4xx_usart.o(i.USART_ClearFlag) for USART_ClearFlag
    main.o(i.fputc) refers to stm32f4xx_usart.o(i.USART_SendData) for USART_SendData
    main.o(i.fputc) refers to stm32f4xx_usart.o(i.USART_GetFlagStatus) for USART_GetFlagStatus
    main.o(i.main) refers to board.o(i.Board_Peripheral_Init) for Board_Peripheral_Init
    main.o(i.main) refers to board.o(i.Board_Init) for Board_Init
    main.o(i.main) refers to loop.o(i.loop) for loop
    loop.o(i.loop) refers to timer.o(i.register_period_callback) for register_period_callback
    loop.o(i.loop) refers to boot_page.o(i.Boot_Page_Display) for Boot_Page_Display
    loop.o(i.loop) refers to main_page.o(i.Main_Page_Display) for Main_Page_Display
    loop.o(i.loop) refers to app.o(i.Clock_IsSynced) for Clock_IsSynced
    loop.o(i.loop) refers to main_page.o(i.Main_Page_Clock_Update) for Main_Page_Clock_Update
    loop.o(i.loop) refers to delay.o(i.delay_ms) for delay_ms
    loop.o(i.loop) refers to app.o(i.Service_Time_Sync) for Service_Time_Sync
    loop.o(i.loop) refers to app.o(i.Service_WiFi_Update) for Service_WiFi_Update
    loop.o(i.loop) refers to app.o(i.Service_Weather_Update) for Service_Weather_Update
    loop.o(i.loop) refers to main_page.o(i.Main_Page_Weather_Update) for Main_Page_Weather_Update
    loop.o(i.loop) refers to app.o(i.Service_Room_Update) for Service_Room_Update
    loop.o(i.loop) refers to main_page.o(i.Main_Page_Room_Update) for Main_Page_Room_Update
    loop.o(i.loop) refers to loop.o(i.period_callback) for period_callback
    loop.o(i.loop) refers to loop.o(.data) for .data
    loop.o(i.loop) refers to app.o(.bss) for wifi_info
    loop.o(i.period_callback) refers to loop.o(.data) for .data
    board.o(i.Board_Init) refers to delay.o(i.SysTick_Init) for SysTick_Init
    board.o(i.Board_Init) refers to timer.o(i.TIM5_Init) for TIM5_Init
    board.o(i.Board_Init) refers to board.o(i.Board_Peripheral_Init) for Board_Peripheral_Init
    board.o(i.Board_Init) refers to st7789.o(i.ST7789_Init) for ST7789_Init
    board.o(i.Board_Init) refers to board.o(i.Test) for Test
    board.o(i.Board_Init) refers to usart.o(i.Usart2_Debug_Init) for Usart2_Debug_Init
    board.o(i.Board_Init) refers to printfa.o(i.__0printf) for __2printf
    board.o(i.Board_Peripheral_Init) refers to stm32f4xx_rcc.o(i.RCC_AHB1PeriphClockCmd) for RCC_AHB1PeriphClockCmd
    board.o(i.Board_Peripheral_Init) refers to stm32f4xx_rcc.o(i.RCC_APB2PeriphClockCmd) for RCC_APB2PeriphClockCmd
    board.o(i.Board_Peripheral_Init) refers to stm32f4xx_rcc.o(i.RCC_APB1PeriphClockCmd) for RCC_APB1PeriphClockCmd
    board.o(i.Test) refers to stm32f4xx_gpio.o(i.GPIO_Init) for GPIO_Init
    board.o(i.Test) refers to stm32f4xx_gpio.o(i.GPIO_ResetBits) for GPIO_ResetBits
    delay.o(i.Get_SysTick_Cnt) refers to delay.o(.data) for .data
    delay.o(i.Get_ms) refers to delay.o(i.Get_SysTick_Cnt) for Get_SysTick_Cnt
    delay.o(i.Get_ms) refers to uldiv.o(.text) for __aeabi_uldivmod
    delay.o(i.Get_ms) refers to system_stm32f4xx.o(.data) for SystemCoreClock
    delay.o(i.Get_us) refers to delay.o(i.Get_SysTick_Cnt) for Get_SysTick_Cnt
    delay.o(i.Get_us) refers to uldiv.o(.text) for __aeabi_uldivmod
    delay.o(i.Get_us) refers to system_stm32f4xx.o(.data) for SystemCoreClock
    delay.o(i.SysTick_Handler) refers to system_stm32f4xx.o(.data) for SystemCoreClock
    delay.o(i.SysTick_Handler) refers to delay.o(.data) for .data
    delay.o(i.SysTick_Init) refers to system_stm32f4xx.o(.data) for SystemCoreClock
    delay.o(i.delay_ms) refers to delay.o(i.Get_SysTick_Cnt) for Get_SysTick_Cnt
    delay.o(i.delay_ms) refers to system_stm32f4xx.o(.data) for SystemCoreClock
    delay.o(i.delay_us) refers to delay.o(i.Get_SysTick_Cnt) for Get_SysTick_Cnt
    delay.o(i.delay_us) refers to system_stm32f4xx.o(.data) for SystemCoreClock
    app.o(i.Clock_CivilFromDays) refers to ldiv.o(.text) for __aeabi_ldivmod
    app.o(i.Clock_GetDateTime) refers to timer.o(i.TIM5_Get_ms) for TIM5_Get_ms
    app.o(i.Clock_GetDateTime) refers to uldiv.o(.text) for __aeabi_uldivmod
    app.o(i.Clock_GetDateTime) refers to app.o(i.Clock_CivilFromDays) for Clock_CivilFromDays
    app.o(i.Clock_GetDateTime) refers to ldiv.o(.text) for __aeabi_ldivmod
    app.o(i.Clock_GetDateTime) refers to app.o(.data) for .data
    app.o(i.Clock_IsSynced) refers to app.o(.data) for .data
    app.o(i.Clock_Sync) refers to app.o(i.Clock_DaysFromCivil) for Clock_DaysFromCivil
    app.o(i.Clock_Sync) refers to timer.o(i.TIM5_Get_ms) for TIM5_Get_ms
    app.o(i.Clock_Sync) refers to app.o(.data) for .data
    app.o(i.Service_Init) refers to printfa.o(i.__0printf) for __2printf
    app.o(i.Service_Init) refers to at.o(i.AT_Connect_WiFi) for AT_Connect_WiFi
[...]
    gImage_shower                            0x0803cd60   Data        5000  image_weather.o(.constdata)
    .constdata                               0x0803e0e8   Section     5000  image_weather.o(.constdata)
    gImage_thundershower                     0x0803e0e8   Data        5000  image_weather.o(.constdata)
    .constdata                               0x0803f470   Section     5000  image_weather.o(.constdata)
    gImage_thundershower_with_hail           0x0803f470   Data        5000  image_weather.o(.constdata)
    .constdata                               0x080407f8   Section     5000  image_weather.o(.constdata)
    gImage_sleet                             0x080407f8   Data        5000  image_weather.o(.constdata)
    .constdata                               0x08041b80   Section     5000  image_weather.o(.constdata)
    gImage_snow_flurry                       0x08041b80   Data        5000  image_weather.o(.constdata)
    .constdata                               0x08042f08   Section     5000  image_weather.o(.constdata)
    gImage_light_snow                        0x08042f08   Data        5000  image_weather.o(.constdata)
    .constdata                               0x08044290   Section     5000  image_weather.o(.constdata)
    gImage_moderate_snow                     0x08044290   Data        5000  image_weather.o(.constdata)
    .constdata                               0x08045618   Section     5000  image_weather.o(.constdata)
    gImage_heavy_snow                        0x08045618   Data        5000  image_weather.o(.constdata)
    .constdata                               0x080469a0   Section     5000  image_weather.o(.constdata)
    gImage_snowstorm                         0x080469a0   Data        5000  image_weather.o(.constdata)
    .constdata                               0x08047d28   Section     5000  image_weather.o(.constdata)
    gImage_foggy                             0x08047d28   Data        5000  image_weather.o(.constdata)
    .constdata                               0x080490b0   Section     5000  image_weather.o(.constdata)
    gImage_haze                              0x080490b0   Data        5000  image_weather.o(.constdata)
    .constdata                               0x0804a438   Section        8  image_weather.o(.constdata)
    .constdata                               0x0804a440   Section        8  image_weather.o(.constdata)
    .constdata                               0x0804a448   Section        8  image_weather.o(.constdata)
    .constdata                               0x0804a450   Section        8  image_weather.o(.constdata)
    .constdata                               0x0804a458   Section        8  image_weather.o(.constdata)
    .constdata                               0x0804a460   Section        8  image_weather.o(.constdata)
    .constdata                               0x0804a468   Section        8  image_weather.o(.constdata)
    .constdata                               0x0804a470   Section        8  image_weather.o(.constdata)
    .constdata                               0x0804a478   Section        8  image_weather.o(.constdata)
    .constdata                               0x0804a480   Section        8  image_weather.o(.constdata)
    .constdata                               0x0804a488   Section        8  image_weather.o(.constdata)
    .constdata                               0x0804a490   Section        8  image_weather.o(.constdata)
    .constdata                               0x0804a498   Section        8  image_weather.o(.constdata)
    .constdata                               0x0804a4a0   Section        8  image_weather.o(.constdata)
    .constdata                               0x0804a4a8   Section        8  image_weather.o(.constdata)
    .constdata                               0x0804a4b0   Section        8  image_weather.o(.constdata)
    .constdata                               0x0804a4b8   Section        8  image_weather.o(.constdata)
    .constdata                               0x0804a4c0   Section        8  image_weather.o(.constdata)
    .constdata                               0x0804a4c8   Section        8  image_weather.o(.constdata)
    .constdata                               0x0804a4d0   Section        8  image_weather.o(.constdata)
    .constdata                               0x0804a4d8   Section        8  image_weather.o(.constdata)
    .constdata                               0x0804a4e0   Section        8  image_weather.o(.constdata)
    .constdata                               0x0804a4e8   Section       32  font_16.o(.constdata)
    <Data1>                                  0x0804a4e8   Data          32  font_16.o(.constdata)
    .constdata                               0x0804a508   Section       32  font_16.o(.constdata)
    <Data2>                                  0x0804a508   Data          32  font_16.o(.constdata)
    .constdata                               0x0804a528   Section     1520  font_16.o(.constdata)
    Font_16_Table                            0x0804a528   Data        1520  font_16.o(.constdata)
    .constdata                               0x0804ab18   Section     1520  font_16.o(.constdata)
    Font_16B_Table                           0x0804ab18   Data        1520  font_16.o(.constdata)
    .constdata                               0x0804b108   Section       24  font_16.o(.constdata)
    Chinese_Font_16B_Table                   0x0804b108   Data          24  font_16.o(.constdata)
    .constdata                               0x0804b120   Section       12  font_16.o(.constdata)
    .constdata                               0x0804b12c   Section       12  font_16.o(.constdata)
    .constdata                               0x0804b138   Section       66  font_22.o(.constdata)
    <Data1>                                  0x0804b138   Data          66  font_22.o(.constdata)
    .constdata                               0x0804b17a   Section       66  font_22.o(.constdata)
    <Data2>                                  0x0804b17a   Data          66  font_22.o(.constdata)
    .constdata                               0x0804b1bc   Section       66  font_22.o(.constdata)
    <Data3>                                  0x0804b1bc   Data          66  font_22.o(.constdata)
    .constdata                               0x0804b1fe   Section       66  font_22.o(.constdata)
    <Data4>                                  0x0804b1fe   Data          66  font_22.o(.constdata)
    .constdata                               0x0804b240   Section       66  font_22.o(.constdata)
    <Data5>                                  0x0804b240   Data          66  font_22.o(.constdata)
    .constdata                               0x0804b282   Section       66  font_22.o(.constdata)
    <Data6>                                  0x0804b282   Data          66  font_22.o(.constdata)
    .constdata                               0x0804b2c4   Section       66  font_22.o(.constdata)
    <Data7>                                  0x0804b2c4   Data          66  font_22.o(.constdata)
    .constdata                               0x0804b306   Section       66  font_22.o(.constdata)
    <Data8>                                  0x0804b306   Data          66  font_22.o(.constdata)
    .constdata                               0x0804b348   Section       66  font_22.o(.constdata)
    <Data9>                                  0x0804b348   Data          66  font_22.o(.constdata)
    .constdata                               0x0804b38a   Section       66  font_22.o(.constdata)
    <Data10>                                 0x0804b38a   Data          66  font_22.o(.constdata)
    .constdata                               0x0804b3cc   Section       66  font_22.o(.constdata)
    <Data11>                                 0x0804b3cc   Data          66  font_22.o(.constdata)
    .constdata                               0x0804b40e   Section       66  font_22.o(.constdata)
    <Data12>                                 0x0804b40e   Data          66  font_22.o(.constdata)
    .constdata                               0x0804b450   Section       66  font_22.o(.constdata)
    <Data13>                                 0x0804b450   Data          66  font_22.o(.constdata)
    .constdata                               0x0804b492   Section       66  font_22.o(.constdata)
    <Data14>                                 0x0804b492   Data          66  font_22.o(.constdata)
    .constdata                               0x0804b4d4   Section       66  font_22.o(.constdata)
    <Data15>                                 0x0804b4d4   Data          66  font_22.o(.constdata)
    .constdata                               0x0804b516   Section       66  font_22.o(.constdata)
    <Data16>                                 0x0804b516   Data          66  font_22.o(.constdata)
    .constdata                               0x0804b558   Section       66  font_22.o(.constdata)
    <Data17>                                 0x0804b558   Data          66  font_22.o(.constdata)
    .constdata                               0x0804b59a   Section       66  font_22.o(.constdata)
    <Data18>                                 0x0804b59a   Data          66  font_22.o(.constdata)
    .constdata                               0x0804b5dc   Section       66  font_22.o(.constdata)
    <Data19>                                 0x0804b5dc   Data          66  font_22.o(.constdata)
    .constdata                               0x0804b61e   Section       66  font_22.o(.constdata)
    <Data20>                                 0x0804b61e   Data          66  font_22.o(.constdata)
    .constdata                               0x0804b660   Section       66  font_22.o(.constdata)
    <Data21>                                 0x0804b660   Data          66  font_22.o(.constdata)
    .constdata                               0x0804b6a2   Section       66  font_22.o(.constdata)
    <Data22>                                 0x0804b6a2   Data          66  font_22.o(.constdata)
    .constdata                               0x0804b6e4   Section       66  font_22.o(.constdata)
    <Data23>                                 0x0804b6e4   Data          66  font_22.o(.constdata)
    .constdata                               0x0804b726   Section       66  font_22.o(.constdata)
    <Data24>                                 0x0804b726   Data          66  font_22.o(.constdata)
    .constdata                               0x0804b768   Section       66  font_22.o(.constdata)
    <Data25>                                 0x0804b768   Data          66  font_22.o(.constdata)
    .constdata                               0x0804b7aa   Section       66  font_22.o(.constdata)
    <Data26>                                 0x0804b7aa   Data          66  font_22.o(.constdata)
    .constdata                               0x0804b7ec   Section       66  font_22.o(.constdata)
    <Data27>                                 0x0804b7ec   Data          66  font_22.o(.constdata)
    .constdata                               0x0804b82e   Section       66  font_22.o(.constdata)
    <Data28>                                 0x0804b82e   Data          66  font_22.o(.constdata)
    .constdata                               0x0804b870   Section     4180  font_22.o(.constdata)
    Font_22B_Table                           0x0804b870   Data        4180  font_22.o(.constdata)
    .constdata                               0x0804c8c4   Section      232  font_22.o(.constdata)
    Chinese_Font_22B_Table                   0x0804c8c4   Data         232  font_22.o(.constdata)
    .constdata                               0x0804c9ac   Section       12  font_22.o(.constdata)
    .constdata                               0x0804c9b8   Section    13680  font_48.o(.constdata)
    Font_48B_Table                           0x0804c9b8   Data       13680  font_48.o(.constdata)
    .constdata                               0x0804ff28   Section       12  font_48.o(.constdata)
    .constdata                               0x0804ff34   Section      108  at.o(.constdata)
    AT_ACK_Match                             0x0804ff34   Data          32  at.o(.constdata)
    .constdata                               0x0804ffa0   Section      129  ctype_o.o(.constdata)
    .constdata                               0x08050024   Section        4  ctype_o.o(.constdata)
    table                                    0x08050024   Data           4  ctype_o.o(.constdata)
    .conststring                             0x08050028   Section      265  app.o(.conststring)
    .conststring                             0x08050134   Section      159  main_page.o(.conststring)
    .conststring                             0x080501d4   Section        7  font_16.o(.conststring)
    .conststring                             0x080501dc   Section       91  font_22.o(.conststring)
    .conststring                             0x08050238   Section      112  at.o(.conststring)
    .data                                    0x20000000   Section       20  loop.o(.data)
    time_sync_period                         0x20000000   Data           4  loop.o(.data)
    time_update_period                       0x20000004   Data           4  loop.o(.data)
    wifi_update_period                       0x20000008   Data           4  loop.o(.data)
    weather_update_period                    0x2000000c   Data           4  loop.o(.data)
    room_update_period                       0x20000010   Data           4  loop.o(.data)
    .data                                    0x20000018   Section        8  delay.o(.data)
    SysTick_Cnt                              0x20000018   Data           8  delay.o(.data)
    .data                                    0x20000020   Section       76  app.o(.data)
    clock_synced                             0x20000020   Data           1  app.o(.data)
    dht22_inited                             0x20000021   Data           1  app.o(.data)
    weather_url                              0x20000030   Data           4  app.o(.data)
    clock_epoch                              0x20000040   Data           8  app.o(.data)
    clock_sync_ms                            0x20000048   Data           8  app.o(.data)
    .data                                    0x2000006c   Section       16  main_page.o(.data)
    last_day                                 0x2000006c   Data           1  main_page.o(.data)
    last_second                              0x20000070   Data           4  main_page.o(.data)
    last_minute                              0x20000074   Data           4  main_page.o(.data)
    last_hour                                0x20000078   Data           4  main_page.o(.data)
    .data                                    0x20000080   Section       16  timer.o(.data)
    timer_callback                           0x20000080   Data           4  timer.o(.data)
    TIM5_ms                                  0x20000088   Data           8  timer.o(.data)
    .data                                    0x20000090   Section        1  usart.o(.data)
    .data                                    0x20000094   Section       20  system_stm32f4xx.o(.data)
    .data                                    0x200000a8   Section       16  stm32f4xx_rcc.o(.data)
    APBAHBPrescTable                         0x200000a8   Data          16  stm32f4xx_rcc.o(.data)
    .data                                    0x200000b8   Section        4  stdout.o(.data)
    .data                                    0x200000bc   Section        4  errno.o(.data)
    _errno                                   0x200000bc   Data           4  errno.o(.data)
    .bss                                     0x200000c0   Section      292  app.o(.bss)
    .bss                                     0x200001e4   Section      128  boot_page.o(.bss)
    fail_msg                                 0x200001e4   Data          32  boot_page.o(.bss)
    success_line_1                           0x20000204   Data          32  boot_page.o(.bss)
    success_line_2                           0x20000224   Data          32  boot_page.o(.bss)
    success_line_3                           0x20000244   Data          32  boot_page.o(.bss)
    .bss                                     0x20000264   Section     1280  at.o(.bss)
    tx_buf                                   0x20000264   Data         256  at.o(.bss)
    rx_buf                                   0x20000364   Data        1024  at.o(.bss)
    STACK                                    0x20000768   Section     4096  startup_stm32f40xx.o(STACK)

    Global Symbols

    Symbol Name                              Value     Ov Type        Size  Object(Section)

    BuildAttributes$$THM_ISAv4$E$P$D$K$B$S$7EM$VFPi3$EXTD16$VFPS$VFMA$PE$A:L22UL41UL21$X:L11$S22US41US21$IEEE1$IW$USESV6$~STKCKD$USESV7$~SHL$OTIME$ROPI$IEEEJ$EBA8$MICROLIB$REQ8$PRES8$EABIv2 0x00000000   Number         0  anon$$obj.o ABSOLUTE
    __ARM_use_no_argv                        0x00000000   Number         0  main.o ABSOLUTE
    _printf_a                                0x00000000   Number         0  stubs.o ABSOLUTE
    _printf_c                                0x00000000   Number         0  stubs.o ABSOLUTE
    _printf_charcount                        0x00000000   Number         0  stubs.o ABSOLUTE
    _printf_d                                0x00000000   Number         0  stubs.o ABSOLUTE
    _printf_e                                0x00000000   Number         0  stubs.o ABSOLUTE
    _printf_f                                0x00000000   Number         0  stubs.o ABSOLUTE
    _printf_flags                            0x00000000   Number         0  stubs.o ABSOLUTE
    _printf_fp_dec                           0x00000000   Number         0  stubs.o ABSOLUTE
    _printf_fp_hex                           0x00000000   Number         0  stubs.o ABSOLUTE
    _printf_g                                0x00000000   Number         0  stubs.o ABSOLUTE
    _printf_i                                0x00000000   Number         0  stubs.o ABSOLUTE
    _printf_int_dec                          0x00000000   Number         0  stubs.o ABSOLUTE
    _printf_l                                0x00000000   Number         0  stubs.o ABSOLUTE
    _printf_lc                               0x00000000   Number         0  stubs.o ABSOLUTE
    _printf_ll                               0x00000000   Number         0  stubs.o ABSOLUTE
    _printf_lld                              0x00000000   Number         0  stubs.o ABSOLUTE
    _printf_lli                              0x00000000   Number         0  stubs.o ABSOLUTE
    _printf_llo                              0x00000000   Number         0  stubs.o ABSOLUTE
    _printf_llu                              0x00000000   Number         0  stubs.o ABSOLUTE
    _printf_llx                              0x00000000   Number         0  stubs.o ABSOLUTE
    _printf_longlong_dec                     0x00000000   Number         0  stubs.o ABSOLUTE
    _printf_longlong_hex                     0x00000000   Number         0  stubs.o ABSOLUTE
    _printf_longlong_oct                     0x00000000   Number         0  stubs.o ABSOLUTE
    _printf_ls                               0x00000000   Number         0  stubs.o ABSOLUTE
    _printf_mbtowc                           0x00000000   Number         0  stubs.o ABSOLUTE
    _printf_n                                0x00000000   Number         0  stubs.o ABSOLUTE
    _printf_o                                0x00000000   Number         0  stubs.o ABSOLUTE
    _printf_p                                0x00000000   Number         0  stubs.o ABSOLUTE
    _printf_percent                          0x00000000   Number         0  stubs.o ABSOLUTE
    _printf_pre_padding                      0x00000000   Number         0  stubs.o ABSOLUTE
    _printf_return_value                     0x00000000   Number         0  stubs.o ABSOLUTE
    _printf_s                                0x00000000   Number         0  stubs.o ABSOLUTE
    _printf_sizespec                         0x00000000   Number         0  stubs.o ABSOLUTE
    _printf_str                              0x00000000   Number         0  stubs.o ABSOLUTE
    _printf_truncate_signed                  0x00000000   Number         0  stubs.o ABSOLUTE
    _printf_truncate_unsigned                0x00000000   Number         0  stubs.o ABSOLUTE
    _printf_u                                0x00000000   Number         0  stubs.o ABSOLUTE
    _printf_wc                               0x00000000   Number         0  stubs.o ABSOLUTE
    _printf_wctomb                           0x00000000   Number         0  stubs.o ABSOLUTE
    _printf_widthprec                        0x00000000   Number         0  stubs.o ABSOLUTE
    _printf_x                                0x00000000   Number         0  stubs.o ABSOLUTE
    __cpp_initialize__aeabi_                  - Undefined Weak Reference
    __cxa_finalize                            - Undefined Weak Reference
    __decompress                              - Undefined Weak Reference
    _clock_init                               - Undefined Weak Reference
    _microlib_exit                            - Undefined Weak Reference
    _scanf_longlong                           - Undefined Weak Reference
    __Vectors_Size                           0x00000188   Number         0  startup_stm32f40xx.o ABSOLUTE
    __Vectors                                0x08000000   Data           4  startup_stm32f40xx.o(RESET)
    __Vectors_End                            0x08000188   Data           0  startup_stm32f40xx.o(RESET)
    __main                                   0x08000189   Thumb Code     0  entry.o(.ARM.Collect$$$$00000000)
    _main_stk                                0x08000189   Thumb Code     0  entry2.o(.ARM.Collect$$$$00000001)
    _main_scatterload                        0x0800018d   Thumb Code     0  entry5.o(.ARM.Collect$$$$00000004)
    __main_after_scatterload                 0x08000191   Thumb Code     0  entry5.o(.ARM.Collect$$$$00000004)
    _main_clock                              0x08000191   Thumb Code     0  entry7b.o(.ARM.Collect$$$$00000008)
    _main_cpp_init                           0x08000191   Thumb Code     0  entry8b.o(.ARM.Collect$$$$0000000A)
    _main_init                               0x08000191   Thumb Code     0  entry9a.o(.ARM.Collect$$$$0000000B)
    __rt_final_cpp                           0x08000199   Thumb Code     0  entry10a.o(.ARM.Collect$$$$0000000D)
    __rt_final_exit                          0x08000199   Thumb Code     0  entry11a.o(.ARM.Collect$$$$0000000F)
    Reset_Handler                            0x0800019d   Thumb Code     8  startup_stm32f40xx.o(.text)
    ADC_IRQHandler                           0x080001b7   Thumb Code     0  startup_stm32f40xx.o(.text)
    CAN1_RX0_IRQHandler                      0x080001b7   Thumb Code     0  startup_stm32f40xx.o(.text)
    CAN1_RX1_IRQHandler                      0x080001b7   Thumb Code     0  startup_stm32f40xx.o(.text)
    CAN1_SCE_IRQHandler                      0x080001b7   Thumb Code     0  startup_stm32f40xx.o(.text)
    CAN1_TX_IRQHandler                       0x080001b7   Thumb Code     0  startup_stm32f40xx.o(.text)
    CAN2_RX0_IRQHandler                      0x080001b7   Thumb Code     0  startup_stm32f40xx.o(.text)
    CAN2_RX1_IRQHandler                      0x080001b7   Thumb Code     0  startup_stm32f40xx.o(.text)
    CAN2_SCE_IRQHandler                      0x080001b7   Thumb Code     0  startup_stm32f40xx.o(.text)
    CAN2_TX_IRQHandler                       0x080001b7   Thumb Code     0  startup_stm32f40xx.o(.text)
    CRYP_IRQHandler                          0x080001b7   Thumb Code     0  startup_stm32f40xx.o(.text)
    DCMI_IRQHandler                          0x080001b7   Thumb Code     0  startup_stm32f40xx.o(.text)
    DMA1_Stream0_IRQHandler                  0x080001b7   Thumb Code     0  startup_stm32f40xx.o(.text)
    DMA1_Stream1_IRQHandler                  0x080001b7   Thumb Code     0  startup_stm32f40xx.o(.text)
    DMA1_Stream2_IRQHandler                  0x080001b7   Thumb Code     0  startup_stm32f40xx.o(.text)
    DMA1_Stream3_IRQHandler                  0x080001b7   Thumb Code     0  startup_stm32f40xx.o(.text)
    DMA1_Stream4_IRQHandler                  0x080001b7   Thumb Code     0  startup_stm32f40xx.o(.text)
    DMA1_Stream5_IRQHandler                  0x080001b7   Thumb Code     0  startup_stm32f40xx.o(.text)
    DMA1_Stream6_IRQHandler                  0x080001b7   Thumb Code     0  startup_stm32f40xx.o(.text)
    DMA1_Stream7_IRQHandler                  0x080001b7   Thumb Code     0  startup_stm32f40xx.o(.text)
    DMA2_Stream0_IRQHandler                  0x080001b7   Thumb Code     0  startup_stm32f40xx.o(.text)
    DMA2_Stream1_IRQHandler                  0x080001b7   Thumb Code     0  startup_stm32f40xx.o(.text)
    DMA2_Stream2_IRQHandler                  0x080001b7   Thumb Code     0  startup_stm32f40xx.o(.text)
    DMA2_Stream3_IRQHandler                  0x080001b7   Thumb Code     0  startup_stm32f40xx.o(.text)
    DMA2_Stream4_IRQHandler                  0x080001b7   Thumb Code     0  startup_stm32f40xx.o(.text)
    DMA2_Stream5_IRQHandler                  0x080001b7   Thumb Code     0  startup_stm32f40xx.o(.text)
    DMA2_Stream6_IRQHandler                  0x080001b7   Thumb Code     0  startup_stm32f40xx.o(.text)
    DMA2_Stream7_IRQHandler                  0x080001b7   Thumb Code     0  startup_stm32f40xx.o(.text)
    ETH_IRQHandler                           0x080001b7   Thumb Code     0  startup_stm32f40xx.o(.text)
    ETH_WKUP_IRQHandler                      0x080001b7   Thumb Code     0  startup_stm32f40xx.o(.text)
    EXTI0_IRQHandler                         0x080001b7   Thumb Code     0  startup_stm32f40xx.o(.text)
    EXTI15_10_IRQHandler                     0x080001b7   Thumb Code     0  startup_stm32f40xx.o(.text)
    EXTI1_IRQHandler                         0x080001b7   Thumb Code     0  startup_stm32f40xx.o(.text)
    EXTI2_IRQHandler                         0x080001b7   Thumb Code     0  startup_stm32f40xx.o(.text)
    EXTI3_IRQHandler                         0x080001b7   Thumb Code     0  startup_stm32f40xx.o(.text)
    EXTI4_IRQHandler                         0x080001b7   Thumb Code     0  startup_stm32f40xx.o(.text)
    EXTI9_5_IRQHandler                       0x080001b7   Thumb Code     0  startup_stm32f40xx.o(.text)
    FLASH_IRQHandler                         0x080001b7   Thumb Code     0  startup_stm32f40xx.o(.text)
    FPU_IRQHandler                           0x080001b7   Thumb Code     0  startup_stm32f40xx.o(.text)
    FSMC_IRQHandler                          0x080001b7   Thumb Code     0  startup_stm32f40xx.o(.text)
    HASH_RNG_IRQHandler                      0x080001b7   Thumb Code     0  startup_stm32f40xx.o(.text)
    I2C1_ER_IRQHandler                       0x080001b7   Thumb Code     0  startup_stm32f40xx.o(.text)
    I2C1_EV_IRQHandler                       0x080001b7   Thumb Code     0  startup_stm32f40xx.o(.text)
    I2C2_ER_IRQHandler                       0x080001b7   Thumb Code     0  startup_stm32f40xx.o(.text)
    I2C2_EV_IRQHandler                       0x080001b7   Thumb Code     0  startup_stm32f40xx.o(.text)
    I2C3_ER_IRQHandler                       0x080001b7   Thumb Code     0  startup_stm32f40xx.o(.text)
    I2C3_EV_IRQHandler                       0x080001b7   Thumb Code     0  startup_stm32f40xx.o(.text)
    OTG_FS_IRQHandler                        0x080001b7   Thumb Code     0  startup_stm32f40xx.o(.text)
    OTG_FS_WKUP_IRQHandler                   0x080001b7   Thumb Code     0  startup_stm32f40xx.o(.text)
    OTG_HS_EP1_IN_IRQHandler                 0x080001b7   Thumb Code     0  startup_stm32f40xx.o(.text)
    OTG_HS_EP1_OUT_IRQHandler                0x080001b7   Thumb Code     0  startup_stm32f40xx.o(.text)
    OTG_HS_IRQHandler                        0x080001b7   Thumb Code     0  startup_stm32f40xx.o(.text)
    OTG_HS_WKUP_IRQHandler                   0x080001b7   Thumb Code     0  startup_stm32f40xx.o(.text)
    PVD_IRQHandler                           0x080001b7   Thumb Code     0  startup_stm32f40xx.o(.text)
    RCC_IRQHandler                           0x080001b7   Thumb Code     0  startup_stm32f40xx.o(.text)
    RTC_Alarm_IRQHandler                     0x080001b7   Thumb Code     0  startup_stm32f40xx.o(.text)
    RTC_WKUP_IRQHandler                      0x080001b7   Thumb Code     0  startup_stm32f40xx.o(.text)
    SDIO_IRQHandler                          0x080001b7   Thumb Code     0  startup_stm32f40xx.o(.text)
    SPI1_IRQHandler                          0x080001b7   Thumb Code     0  startup_stm32f40xx.o(.text)
    SPI2_IRQHandler                          0x080001b7   Thumb Code     0  startup_stm32f40xx.o(.text)
    SPI3_IRQHandler                          0x080001b7   Thumb Code     0  startup_stm32f40xx.o(.text)
    TAMP_STAMP_IRQHandler                    0x080001b7   Thumb Code     0  startup_stm32f40xx.o(.text)
    TIM1_BRK_TIM9_IRQHandler                 0x080001b7   Thumb Code     0  startup_stm32f40xx.o(.text)
    TIM1_CC_IRQHandler                       0x080001b7   Thumb Code     0  startup_stm32f40xx.o(.text)
    TIM1_TRG_COM_TIM11_IRQHandler            0x080001b7   Thumb Code     0  startup_stm32f40xx.o(.text)
    TIM1_UP_TIM10_IRQHandler                 0x080001b7   Thumb Code     0  startup_stm32f40xx.o(.text)
    TIM2_IRQHandler                          0x080001b7   Thumb Code     0  startup_stm32f40xx.o(.text)
    TIM3_IRQHandler                          0x080001b7   Thumb Code     0  startup_stm32f40xx.o(.text)
    TIM4_IRQHandler                          0x080001b7   Thumb Code     0  startup_stm32f40xx.o(.text)
    TIM6_DAC_IRQHandler                      0x080001b7   Thumb Code     0  startup_stm32f40xx.o(.text)
    TIM7_IRQHandler                          0x080001b7   Thumb Code     0  startup_stm32f40xx.o(.text)
    TIM8_BRK_TIM12_IRQHandler                0x080001b7   Thumb Code     0  startup_stm32f40xx.o(.text)
    TIM8_CC_IRQHandler                       0x080001b7   Thumb Code     0  startup_stm32f40xx.o(.text)
    TIM8_TRG_COM_TIM14_IRQHandler            0x080001b7   Thumb Code     0  startup_stm32f40xx.o(.text)
    TIM8_UP_TIM13_IRQHandler                 0x080001b7   Thumb Code     0  startup_stm32f40xx.o(.text)
    UART4_IRQHandler                         0x080001b7   Thumb Code     0  startup_stm32f40xx.o(.text)
    UART5_IRQHandler                         0x080001b7   Thumb Code     0  startup_stm32f40xx.o(.text)
    USART2_IRQHandler                        0x080001b7   Thumb Code     0  startup_stm32f40xx.o(.text)
    USART3_IRQHandler                        0x080001b7   Thumb Code     0  startup_stm32f40xx.o(.text)
    USART6_IRQHandler                        0x080001b7   Thumb Code     0  startup_stm32f40xx.o(.text)
    WWDG_IRQHandler                          0x080001b7   Thumb Code     0  startup_stm32f40xx.o(.text)
    __aeabi_uldivmod                         0x080001c1   Thumb Code    98  uldiv.o(.text)
    __aeabi_ldivmod                          0x08000223   Thumb Code    98  ldiv.o(.text)
    __aeabi_memcpy                           0x08000285   Thumb Code    36  memcpya.o(.text)
    __aeabi_memcpy4                          0x08000285   Thumb Code     0  memcpya.o(.text)
    __aeabi_memcpy8                          0x08000285   Thumb Code     0  memcpya.o(.text)
    __aeabi_memset                           0x080002a9   Thumb Code    14  memseta.o(.text)
    __aeabi_memset4                          0x080002a9   Thumb Code     0  memseta.o(.text)
    __aeabi_memset8                          0x080002a9   Thumb Code     0  memseta.o(.text)
    __aeabi_memclr                           0x080002b7   Thumb Code     4  memseta.o(.text)
    __aeabi_memclr4                          0x080002b7   Thumb Code     0  memseta.o(.text)
    __aeabi_memclr8                          0x080002b7   Thumb Code     0  memseta.o(.text)
    _memset$wrapper                          0x080002bb   Thumb Code    18  memseta.o(.text)
    strstr                                   0x080002cd   Thumb Code    36  strstr.o(.text)
    strncpy                                  0x080002f1   Thumb Code    24  strncpy.o(.text)
    strlen                                   0x08000309   Thumb Code    14  strlen.o(.text)
    strcmp                                   0x08000317   Thumb Code    28  strcmp.o(.text)
    strcpy                                   0x08000333   Thumb Code    18  strcpy.o(.text)
    __0sscanf                                0x08000345   Thumb Code    48  __0sscanf.o(.text)
    _scanf_int                               0x0800037d   Thumb Code   332  _scanf_int.o(.text)
    _scanf_string                            0x080004c9   Thumb Code   224  _scanf_str.o(.text)
    atoi                                     0x080005a9   Thumb Code    26  atoi.o(.text)
    __aeabi_f2d                              0x080005c3   Thumb Code    38  f2d.o(.text)
    __aeabi_d2f                              0x080005e9   Thumb Code    56  d2f.o(.text)
    __aeabi_uidiv                            0x08000621   Thumb Code     0  uidiv.o(.text)
    __aeabi_uidivmod                         0x08000621   Thumb Code    44  uidiv.o(.text)
    __aeabi_llsl                             0x0800064d   Thumb Code    30  llshl.o(.text)
    _ll_shift_l                              0x0800064d   Thumb Code     0  llshl.o(.text)
    __aeabi_llsr                             0x0800066b   Thumb Code    32  llushr.o(.text)
    _ll_ushift_r                             0x0800066b   Thumb Code     0  llushr.o(.text)
    _chval                                   0x0800068b   Thumb Code    28  _chval.o(.text)
    __vfscanf_char                           0x080006b5   Thumb Code    20  scanf_char.o(.text)
    _sgetc                                   0x080006d1   Thumb Code    30  _sgetc.o(.text)
    _sbackspace                              0x080006ef   Thumb Code    34  _sgetc.o(.text)
    __strtod_int                             0x08000747   Thumb Code    90  strtod.o(.text)
    strtol                                   0x080007ad   Thumb Code   112  strtol.o(.text)
    __I$use$fp                               0x0800081d   Thumb Code     0  iusefp.o(.text)
    _float_round                             0x0800081d   Thumb Code    18  fepilogue.o(.text)
    _float_epilogue                          0x0800082f   Thumb Code    92  fepilogue.o(.text)
    __aeabi_dadd                             0x0800088b   Thumb Code   322  dadd.o(.text)
    __aeabi_dsub                             0x080009cd   Thumb Code     6  dadd.o(.text)
    __aeabi_drsub                            0x080009d3   Thumb Code     6  dadd.o(.text)
    __aeabi_dmul                             0x080009d9   Thumb Code   228  dmul.o(.text)
    __aeabi_ddiv                             0x08000abd   Thumb Code   222  ddiv.o(.text)
    __aeabi_d2ulz                            0x08000b9b   Thumb Code    48  dfixul.o(.text)
    __aeabi_cdrcmple                         0x08000bcd   Thumb Code    48  cdrcmple.o(.text)
    __scatterload                            0x08000bfd   Thumb Code    28  init.o(.text)
    __scatterload_rt2                        0x08000bfd   Thumb Code     0  init.o(.text)
    __aeabi_lasr                             0x08000c21   Thumb Code    36  llsshr.o(.text)
    _ll_sshift_r                             0x08000c21   Thumb Code     0  llsshr.o(.text)
    __rt_ctype_table                         0x08000c45   Thumb Code     4  ctype_o.o(.text)
    isspace                                  0x08000c4d   Thumb Code    18  isspace_o.o(.text)
    __vfscanf                                0x08000c61   Thumb Code   808  _scanf.o(.text)
    _scanf_real                              0x080010b5   Thumb Code     0  scanf_fp.o(.text)
    _scanf_really_real                       0x080010b5   Thumb Code   556  scanf_fp.o(.text)
    _strtoul                                 0x080012ed   Thumb Code   158  _strtoul.o(.text)
    _double_round                            0x0800138b   Thumb Code    30  depilogue.o(.text)
    _double_epilogue                         0x080013a9   Thumb Code   156  depilogue.o(.text)
    __aeabi_ul2d                             0x08001445   Thumb Code    24  dfltul.o(.text)
    AT_Connect_WiFi                          0x0800145d   Thumb Code    62  at.o(i.AT_Connect_WiFi)
    AT_Get_HTTP                              0x080014c9   Thumb Code    34  at.o(i.AT_Get_HTTP)
    AT_Get_WiFi_Info                         0x08001511   Thumb Code   120  at.o(i.AT_Get_WiFi_Info)
    AT_Init                                  0x080015f5   Thumb Code    64  at.o(i.AT_Init)
    AT_Is_WiFi_Conected                      0x08001645   Thumb Code    22  at.o(i.AT_Is_WiFi_Conected)
    AT_SNTP_Get_Time                         0x0800165d   Thumb Code    34  at.o(i.AT_SNTP_Get_Time)
    AT_SNTP_Init                             0x08001695   Thumb Code    20  at.o(i.AT_SNTP_Init)
    AT_WiFi_Init                             0x080017f1   Thumb Code    10  at.o(i.AT_WiFi_Init)
    AT_Write_Command                         0x08001809   Thumb Code    94  at.o(i.AT_Write_Command)
    Board_Init                               0x0800186d   Thumb Code    40  board.o(i.Board_Init)
    Board_Peripheral_Init                    0x080018c5   Thumb Code    70  board.o(i.Board_Peripheral_Init)
    Boot_Page_Display                        0x0800190d   Thumb Code   324  boot_page.o(i.Boot_Page_Display)
    BusFault_Handler                         0x08001ac5   Thumb Code     2  stm32f4xx_it.o(i.BusFault_Handler)
    Clock_GetDateTime                        0x08001c31   Thumb Code   176  app.o(i.Clock_GetDateTime)
    Clock_IsSynced                           0x08001ce9   Thumb Code     6  app.o(i.Clock_IsSynced)
    Clock_Sync                               0x08001cf5   Thumb Code    88  app.o(i.Clock_Sync)
    DHT22_Init                               0x08001d85   Thumb Code    18  dht22.o(i.DHT22_Init)
    DHT22_ReadData                           0x08001d9d   Thumb Code   342  dht22.o(i.DHT22_ReadData)
    DebugMon_Handler                         0x08001ef9   Thumb Code     2  stm32f4xx_it.o(i.DebugMon_Handler)
    GPIO_Init                                0x08001efb   Thumb Code   162  stm32f4xx_gpio.o(i.GPIO_Init)
    GPIO_PinAFConfig                         0x08001f9d   Thumb Code    32  stm32f4xx_gpio.o(i.GPIO_PinAFConfig)
    GPIO_ReadInputDataBit                    0x08001fbd   Thumb Code    14  stm32f4xx_gpio.o(i.GPIO_ReadInputDataBit)
    GPIO_ResetBits                           0x08001fcb   Thumb Code     6  stm32f4xx_gpio.o(i.GPIO_ResetBits)
    GPIO_SetBits                             0x08001fd1   Thumb Code     4  stm32f4xx_gpio.o(i.GPIO_SetBits)
    GPIO_StructInit                          0x08001fd5   Thumb Code    18  stm32f4xx_gpio.o(i.GPIO_StructInit)
    GPIO_WriteBit                            0x08001fe7   Thumb Code    10  stm32f4xx_gpio.o(i.GPIO_WriteBit)
    Get_SysTick_Cnt                          0x08001ff1   Thumb Code    54  delay.o(i.Get_SysTick_Cnt)
    Get_ms                                   0x0800202d   Thumb Code    30  delay.o(i.Get_ms)
    HardFault_Handler                        0x08002051   Thumb Code     2  stm32f4xx_it.o(i.HardFault_Handler)
    Main_Page_Clock_Update                   0x08002231   Thumb Code   114  main_page.o(i.Main_Page_Clock_Update)
    Main_Page_Display                        0x08002359   Thumb Code    24  main_page.o(i.Main_Page_Display)
    Main_Page_Room_Update                    0x080024f5   Thumb Code     4  main_page.o(i.Main_Page_Room_Update)
    Main_Page_Weather_Update                 0x080027fd   Thumb Code     4  main_page.o(i.Main_Page_Weather_Update)
    MemManage_Handler                        0x08002801   Thumb Code     2  stm32f4xx_it.o(i.MemManage_Handler)
    NMI_Handler                              0x08002803   Thumb Code     2  stm32f4xx_it.o(i.NMI_Handler)
    NVIC_Init                                0x08002805   Thumb Code    96  misc.o(i.NVIC_Init)
    PendSV_Handler                           0x08002869   Thumb Code     2  stm32f4xx_it.o(i.PendSV_Handler)
    RCC_AHB1PeriphClockCmd                   0x0800286d   Thumb Code    18  stm32f4xx_rcc.o(i.RCC_AHB1PeriphClockCmd)
    RCC_APB1PeriphClockCmd                   0x08002885   Thumb Code    18  stm32f4xx_rcc.o(i.RCC_APB1PeriphClockCmd)
    RCC_APB2PeriphClockCmd                   0x0800289d   Thumb Code    18  stm32f4xx_rcc.o(i.RCC_APB2PeriphClockCmd)
    RCC_GetClocksFreq                        0x080028b5   Thumb Code   132  stm32f4xx_rcc.o(i.RCC_GetClocksFreq)
    SPI_Cmd                                  0x08002949   Thumb Code    20  stm32f4xx_spi.o(i.SPI_Cmd)
    SPI_I2S_GetFlagStatus                    0x0800295d   Thumb Code    14  stm32f4xx_spi.o(i.SPI_I2S_GetFlagStatus)
    SPI_I2S_SendData                         0x0800296b   Thumb Code     4  stm32f4xx_spi.o(i.SPI_I2S_SendData)
    SPI_Init                                 0x0800296f   Thumb Code    56  stm32f4xx_spi.o(i.SPI_Init)
    SPI_StructInit                           0x080029a7   Thumb Code    24  stm32f4xx_spi.o(i.SPI_StructInit)
    ST7789_Draw_Picture                      0x08002c45   Thumb Code   158  st7789.o(i.ST7789_Draw_Picture)
    ST7789_Draw_Picture_AutoTransparent      0x08002ced   Thumb Code   220  st7789.o(i.ST7789_Draw_Picture_AutoTransparent)
    ST7789_Fill_Color                        0x08002dd1   Thumb Code   154  st7789.o(i.ST7789_Fill_Color)
    ST7789_Init                              0x08002f31   Thumb Code    84  st7789.o(i.ST7789_Init)
    ST7789_Write_String                      0x08003061   Thumb Code   272  st7789.o(i.ST7789_Write_String)
    SVC_Handler                              0x08003171   Thumb Code     2  stm32f4xx_it.o(i.SVC_Handler)
    Service_Init                             0x08003175   Thumb Code   262  app.o(i.Service_Init)
    Service_Room_Update                      0x080033a5   Thumb Code    86  app.o(i.Service_Room_Update)
    Service_Time_Sync                        0x08003435   Thumb Code    30  app.o(i.Service_Time_Sync)
    Service_Weather_Update                   0x08003479   Thumb Code    68  app.o(i.Service_Weather_Update)
    Service_WiFi_Update                      0x08003539   Thumb Code    50  app.o(i.Service_WiFi_Update)
    SysTick_Handler                          0x0800365d   Thumb Code    32  delay.o(i.SysTick_Handler)
    SysTick_Init                             0x08003685   Thumb Code    30  delay.o(i.SysTick_Init)
    SystemInit                               0x080036a9   Thumb Code    74  system_stm32f4xx.o(i.SystemInit)
    TIM5_Get_ms                              0x08003705   Thumb Code     8  timer.o(i.TIM5_Get_ms)
    TIM5_IRQHandler                          0x08003711   Thumb Code    54  timer.o(i.TIM5_IRQHandler)
    TIM5_Init                                0x08003751   Thumb Code    98  timer.o(i.TIM5_Init)
    TIM_ClearITPendingBit                    0x080037c1   Thumb Code     6  stm32f4xx_tim.o(i.TIM_ClearITPendingBit)
    TIM_Cmd                                  0x080037c7   Thumb Code    20  stm32f4xx_tim.o(i.TIM_Cmd)
    TIM_GetITStatus                          0x080037db   Thumb Code    24  stm32f4xx_tim.o(i.TIM_GetITStatus)
    TIM_ITConfig                             0x080037f3   Thumb Code    16  stm32f4xx_tim.o(i.TIM_ITConfig)
    TIM_TimeBaseInit                         0x08003805   Thumb Code    96  stm32f4xx_tim.o(i.TIM_TimeBaseInit)
    Test                                     0x08003881   Thumb Code    72  board.o(i.Test)
    USART1_IRQHandler                        0x080038d1   Thumb Code    44  usart.o(i.USART1_IRQHandler)
    USART_ClearFlag                          0x08003905   Thumb Code     6  stm32f4xx_usart.o(i.USART_ClearFlag)
    USART_ClearITPendingBit                  0x0800390b   Thumb Code    12  stm32f4xx_usart.o(i.USART_ClearITPendingBit)
    USART_Cmd                                0x08003917   Thumb Code    20  stm32f4xx_usart.o(i.USART_Cmd)
    USART_GetFlagStatus                      0x0800392b   Thumb Code    14  stm32f4xx_usart.o(i.USART_GetFlagStatus)
    USART_GetITStatus                        0x08003939   Thumb Code    62  stm32f4xx_usart.o(i.USART_GetITStatus)
    USART_Init                               0x08003979   Thumb Code   164  stm32f4xx_usart.o(i.USART_Init)
    USART_ReceiveData                        0x08003a25   Thumb Code     8  stm32f4xx_usart.o(i.USART_ReceiveData)
    USART_SendData                           0x08003a2d   Thumb Code     8  stm32f4xx_usart.o(i.USART_SendData)
    USART_StructInit                         0x08003a35   Thumb Code    22  stm32f4xx_usart.o(i.USART_StructInit)
    UsageFault_Handler                       0x08003a4b   Thumb Code     2  stm32f4xx_it.o(i.UsageFault_Handler)
    Usart2_Debug_Init                        0x08003a4d   Thumb Code   122  usart.o(i.Usart2_Debug_Init)
    Wireless_Init                            0x08003ad1   Thumb Code    44  app.o(i.Wireless_Init)
    __0printf                                0x08003b45   Thumb Code    22  printfa.o(i.__0printf)
    __1printf                                0x08003b45   Thumb Code     0  printfa.o(i.__0printf)
    __2printf                                0x08003b45   Thumb Code     0  printfa.o(i.__0printf)
    __c89printf                              0x08003b45   Thumb Code     0  printfa.o(i.__0printf)
    printf                                   0x08003b45   Thumb Code     0  printfa.o(i.__0printf)
    __0snprintf                              0x08003b65   Thumb Code    44  printfa.o(i.__0snprintf)
    __1snprintf                              0x08003b65   Thumb Code     0  printfa.o(i.__0snprintf)
    __2snprintf                              0x08003b65   Thumb Code     0  printfa.o(i.__0snprintf)
    __c89snprintf                            0x08003b65   Thumb Code     0  printfa.o(i.__0snprintf)
    snprintf                                 0x08003b65   Thumb Code     0  printfa.o(i.__0snprintf)
    __0sprintf                               0x08003b95   Thumb Code    34  printfa.o(i.__0sprintf)
    __1sprintf                               0x08003b95   Thumb Code     0  printfa.o(i.__0sprintf)
    __2sprintf                               0x08003b95   Thumb Code     0  printfa.o(i.__0sprintf)
    __c89sprintf                             0x08003b95   Thumb Code     0  printfa.o(i.__0sprintf)
    sprintf                                  0x08003b95   Thumb Code     0  printfa.o(i.__0sprintf)
    __aeabi_errno_addr                       0x08003bbd   Thumb Code     4  errno.o(i.__aeabi_errno_addr)
    __rt_errno_addr                          0x08003bbd   Thumb Code     0  errno.o(i.__aeabi_errno_addr)
    __hardfp_atof                            0x08003bc9   Thumb Code    44  atof.o(i.__hardfp_atof)
    __read_errno                             0x08003c01   Thumb Code     6  errno.o(i.__read_errno)
    __scatterload_copy                       0x08003c0d   Thumb Code    14  handlers.o(i.__scatterload_copy)
    __scatterload_null                       0x08003c1b   Thumb Code     2  handlers.o(i.__scatterload_null)
    __scatterload_zeroinit                   0x08003c1d   Thumb Code    14  handlers.o(i.__scatterload_zeroinit)
    __set_errno                              0x08003c2d   Thumb Code     6  errno.o(i.__set_errno)
    _is_digit                                0x08003dbd   Thumb Code    14  scanf_fp.o(i._is_digit)
    delay_ms                                 0x0800451d   Thumb Code    50  delay.o(i.delay_ms)
    delay_us                                 0x08004555   Thumb Code    50  delay.o(i.delay_us)
    fputc                                    0x08004591   Thumb Code    38  main.o(i.fputc)
    loop                                     0x080045bd   Thumb Code   194  loop.o(i.loop)
    main                                     0x08004699   Thumb Code    18  main.o(i.main)
    parse_weather_response                   0x08004795   Thumb Code   182  at.o(i.parse_weather_response)
    register_period_callback                 0x08004935   Thumb Code     6  timer.o(i.register_period_callback)
    Image_err                                0x08009e40   Data           8  image.o(.constdata)
    Image_wifi                               0x08009e48   Data           8  image.o(.constdata)
    Image_wifi_off                           0x08009e50   Data           8  image.o(.constdata)
    Image_location                           0x08009e58   Data           8  image.o(.constdata)
    Image_no_location                        0x08009e60   Data           8  image.o(.constdata)
    Image_temperature                        0x08009e68   Data           8  image.o(.constdata)
    Image_humidity                           0x08009e70   Data           8  image.o(.constdata)
    Image_thermometer                        0x08009e78   Data           8  image.o(.constdata)
    Boot_Page_Waitconnect                    0x0802f680   Data           8  image_boot_page.o(.constdata)
    Image_sunny                              0x0804a438   Data           8  image_weather.o(.constdata)
    Image_star                               0x0804a440   Data           8  image_weather.o(.constdata)
    Image_overcast                           0x0804a448   Data           8  image_weather.o(.constdata)
    Image_cloudy                             0x0804a450   Data           8  image_weather.o(.constdata)
    Image_light_rain                         0x0804a458   Data           8  image_weather.o(.constdata)
    Image_moderate_rain                      0x0804a460   Data           8  image_weather.o(.constdata)
    Image_heavy_rain                         0x0804a468   Data           8  image_weather.o(.constdata)
    Image_storm                              0x0804a470   Data           8  image_weather.o(.constdata)
    Image_heavy_storm                        0x0804a478   Data           8  image_weather.o(.constdata)
    Image_severe_storm                       0x0804a480   Data           8  image_weather.o(.constdata)
    Image_ice_rain                           0x0804a488   Data           8  image_weather.o(.constdata)
    Image_shower                             0x0804a490   Data           8  image_weather.o(.constdata)
    Image_thundershower                      0x0804a498   Data           8  image_weather.o(.constdata)
    Image_thundershower_with_hail            0x0804a4a0   Data           8  image_weather.o(.constdata)
    Image_sleet                              0x0804a4a8   Data           8  image_weather.o(.constdata)
    Image_snow_flurry                        0x0804a4b0   Data           8  image_weather.o(.constdata)
    Image_light_snow                         0x0804a4b8   Data           8  image_weather.o(.constdata)
    Image_moderate_snow                      0x0804a4c0   Data           8  image_weather.o(.constdata)
    Image_heavy_snow                         0x0804a4c8   Data           8  image_weather.o(.constdata)
    Image_snowstorm                          0x0804a4d0   Data           8  image_weather.o(.constdata)
    Image_foggy                              0x0804a4d8   Data           8  image_weather.o(.constdata)
    Image_haze                               0x0804a4e0   Data           8  image_weather.o(.constdata)
    Font_16                                  0x0804b120   Data          12  font_16.o(.constdata)
    Font_16B                                 0x0804b12c   Data          12  font_16.o(.constdata)
    Font_22B                                 0x0804c9ac   Data          12  font_22.o(.constdata)
    Font_48B                                 0x0804ff28   Data          12  font_48.o(.constdata)
    __ctype_table                            0x0804ffa0   Data         129  ctype_o.o(.constdata)
    Region$$Table$$Base                      0x080502a8   Number         0  anon$$obj.o(Region$$Table)
    Region$$Table$$Limit                     0x080502c8   Number         0  anon$$obj.o(Region$$Table)
    ssid                                     0x20000024   Data           4  app.o(.data)
    password                                 0x20000028   Data           4  app.o(.data)
    mac                                      0x2000002c   Data           4  app.o(.data)
    http_response                            0x20000034   Data           4  app.o(.data)
    date_info                                0x20000038   Data           8  app.o(.data)
    weekdays                                 0x20000050   Data          28  app.o(.data)
    rx_data                                  0x20000090   Data           1  usart.o(.data)
    SystemCoreClock                          0x20000094   Data           4  system_stm32f4xx.o(.data)
    AHBPrescTable                            0x20000098   Data          16  system_stm32f4xx.o(.data)
    __stdout                                 0x200000b8   Data           4  stdout.o(.data)
    wifi_info                                0x200000c0   Data          96  app.o(.bss)
    weather_info                             0x20000120   Data         184  app.o(.bss)
    room_info                                0x200001d8   Data          12  app.o(.bss)
    __initial_sp                             0x20001768   Data           0  startup_stm32f40xx.o(STACK)



==============================================================================

Memory Map of the image

  Image Entry point : 0x08000189

  Load Region LR_IROM1 (Base: 0x08000000, Size: 0x00050388, Max: 0x00080000, ABSOLUTE)

    Execution Region ER_IROM1 (Exec base: 0x08000000, Load base: 0x08000000, Size: 0x000502c8, Max: 0x00080000, ABSOLUTE)

    Exec Addr    Load Addr    Size         Type   Attr      Idx    E Section Name        Object

    0x08000000   0x08000000   0x00000188   Data   RO         1383    RESET               startup_stm32f40xx.o
    0x08000188   0x08000188   0x00000000   Code   RO         6425  * .ARM.Collect$$$$00000000  mc_w.l(entry.o)
    0x08000188   0x08000188   0x00000004   Code   RO         6721    .ARM.Collect$$$$00000001  mc_w.l(entry2.o)
    0x0800018c   0x0800018c   0x00000004   Code   RO         6724    .ARM.Collect$$$$00000004  mc_w.l(entry5.o)
    0x08000190   0x08000190   0x00000000   Code   RO         6726    .ARM.Collect$$$$00000008  mc_w.l(entry7b.o)
    0x08000190   0x08000190   0x00000000   Code   RO         6728    .ARM.Collect$$$$0000000A  mc_w.l(entry8b.o)
    0x08000190   0x08000190   0x00000008   Code   RO         6729    .ARM.Collect$$$$0000000B  mc_w.l(entry9a.o)
    0x08000198   0x08000198   0x00000000   Code   RO         6731    .ARM.Collect$$$$0000000D  mc_w.l(entry10a.o)
    0x08000198   0x08000198   0x00000000   Code   RO         6733    .ARM.Collect$$$$0000000F  mc_w.l(entry11a.o)
    0x08000198   0x08000198   0x00000004   Code   RO         6722    .ARM.Collect$$$$00002712  mc_w.l(entry2.o)
    0x0800019c   0x0800019c   0x00000024   Code   RO         1384    .text               startup_stm32f40xx.o
    0x080001c0   0x080001c0   0x00000062   Code   RO         6428    .text               mc_w.l(uldiv.o)
    0x08000222   0x08000222   0x00000062   Code   RO         6430    .text               mc_w.l(ldiv.o)
    0x08000284   0x08000284   0x00000024   Code   RO         6432    .text               mc_w.l(memcpya.o)
    0x080002a8   0x080002a8   0x00000024   Code   RO         6434    .text               mc_w.l(memseta.o)
    0x080002cc   0x080002cc   0x00000024   Code   RO         6436    .text               mc_w.l(strstr.o)
    0x080002f0   0x080002f0   0x00000018   Code   RO         6438    .text               mc_w.l(strncpy.o)
    0x08000308   0x08000308   0x0000000e   Code   RO         6440    .text               mc_w.l(strlen.o)
    0x08000316   0x08000316   0x0000001c   Code   RO         6442    .text               mc_w.l(strcmp.o)
    0x08000332   0x08000332   0x00000012   Code   RO         6444    .text               mc_w.l(strcpy.o)
    0x08000344   0x08000344   0x00000038   Code   RO         6709    .text               mc_w.l(__0sscanf.o)
    0x0800037c   0x0800037c   0x0000014c   Code   RO         6711    .text               mc_w.l(_scanf_int.o)
    0x080004c8   0x080004c8   0x000000e0   Code   RO         6713    .text               mc_w.l(_scanf_str.o)
    0x080005a8   0x080005a8   0x0000001a   Code   RO         6715    .text               mc_w.l(atoi.o)
    0x080005c2   0x080005c2   0x00000026   Code   RO         6717    .text               mf_w.l(f2d.o)
    0x080005e8   0x080005e8   0x00000038   Code   RO         6719    .text               mf_w.l(d2f.o)
    0x08000620   0x08000620   0x0000002c   Code   RO         6736    .text               mc_w.l(uidiv.o)
    0x0800064c   0x0800064c   0x0000001e   Code   RO         6738    .text               mc_w.l(llshl.o)
    0x0800066a   0x0800066a   0x00000020   Code   RO         6740    .text               mc_w.l(llushr.o)
    0x0800068a   0x0800068a   0x0000001c   Code   RO         6749    .text               mc_w.l(_chval.o)
    0x080006a6   0x080006a6   0x00000002   PAD
    0x080006a8   0x080006a8   0x00000028   Code   RO         6751    .text               mc_w.l(scanf_char.o)
    0x080006d0   0x080006d0   0x00000040   Code   RO         6753    .text               mc_w.l(_sgetc.o)
    0x08000710   0x08000710   0x0000009c   Code   RO         6755    .text               mc_w.l(strtod.o)
    0x080007ac   0x080007ac   0x00000070   Code   RO         6757    .text               mc_w.l(strtol.o)
    0x0800081c   0x0800081c   0x00000000   Code   RO         6759    .text               mc_w.l(iusefp.o)
    0x0800081c   0x0800081c   0x0000006e   Code   RO         6760    .text               mf_w.l(fepilogue.o)
    0x0800088a   0x0800088a   0x0000014e   Code   RO         6762    .text               mf_w.l(dadd.o)
    0x080009d8   0x080009d8   0x000000e4   Code   RO         6764    .text               mf_w.l(dmul.o)
    0x08000abc   0x08000abc   0x000000de   Code   RO         6766    .text               mf_w.l(ddiv.o)
    0x08000b9a   0x08000b9a   0x00000030   Code   RO         6768    .text               mf_w.l(dfixul.o)
    0x08000bca   0x08000bca   0x00000002   PAD
    0x08000bcc   0x08000bcc   0x00000030   Code   RO         6770    .text               mf_w.l(cdrcmple.o)
    0x08000bfc   0x08000bfc   0x00000024   Code   RO         6772    .text               mc_w.l(init.o)
    0x08000c20   0x08000c20   0x00000024   Code   RO         6774    .text               mc_w.l(llsshr.o)
    0x08000c44   0x08000c44   0x00000008   Code   RO         6778    .text               mc_w.l(ctype_o.o)
    0x08000c4c   0x08000c4c   0x00000012   Code   RO         6800    .text               mc_w.l(isspace_o.o)
    0x08000c5e   0x08000c5e   0x00000002   PAD
    0x08000c60   0x08000c60   0x0000032c   Code   RO         6806    .text               mc_w.l(_scanf.o)
    0x08000f8c   0x08000f8c   0x00000360   Code   RO         6808    .text               mc_w.l(scanf_fp.o)
    0x080012ec   0x080012ec   0x0000009e   Code   RO         6812    .text               mc_w.l(_strtoul.o)
    0x0800138a   0x0800138a   0x000000ba   Code   RO         6814    .text               mf_w.l(depilogue.o)
    0x08001444   0x08001444   0x00000018   Code   RO         6819    .text               mf_w.l(dfltul.o)
    0x0800145c   0x0800145c   0x0000006c   Code   RO         1082    i.AT_Connect_WiFi   at.o
    0x080014c8   0x080014c8   0x00000048   Code   RO         1083    i.AT_Get_HTTP       at.o
    0x08001510   0x08001510   0x000000e4   Code   RO         1085    i.AT_Get_WiFi_Info  at.o
    0x080015f4   0x080015f4   0x00000050   Code   RO         1086    i.AT_Init           at.o
    0x08001644   0x08001644   0x00000016   Code   RO         1087    i.AT_Is_WiFi_Conected  at.o
    0x0800165a   0x0800165a   0x00000002   PAD
    0x0800165c   0x0800165c   0x00000038   Code   RO         1088    i.AT_SNTP_Get_Time  at.o
    0x08001694   0x08001694   0x00000028   Code   RO         1089    i.AT_SNTP_Init      at.o
    0x080016bc   0x080016bc   0x00000088   Code   RO         1090    i.AT_USART_Init     at.o
    0x08001744   0x08001744   0x000000ac   Code   RO         1091    i.AT_Usart_Wait_Receive  at.o
    0x080017f0   0x080017f0   0x00000018   Code   RO         1092    i.AT_WiFi_Init      at.o
    0x08001808   0x08001808   0x00000064   Code   RO         1093    i.AT_Write_Command  at.o
    0x0800186c   0x0800186c   0x00000058   Code   RO          426    i.Board_Init        board.o
    0x080018c4   0x080018c4   0x00000046   Code   RO          427    i.Board_Peripheral_Init  board.o
    0x0800190a   0x0800190a   0x00000002   PAD
    0x0800190c   0x0800190c   0x000001b8   Code   RO          632    i.Boot_Page_Display  boot_page.o
    0x08001ac4   0x08001ac4   0x00000002   Code   RO            4    i.BusFault_Handler  stm32f4xx_it.o
    0x08001ac6   0x08001ac6   0x00000002   PAD
    0x08001ac8   0x08001ac8   0x000000dc   Code   RO          533    i.Clock_CivilFromDays  app.o
    0x08001ba4   0x08001ba4   0x0000008c   Code   RO          534    i.Clock_DaysFromCivil  app.o
    0x08001c30   0x08001c30   0x000000b8   Code   RO          535    i.Clock_GetDateTime  app.o
    0x08001ce8   0x08001ce8   0x0000000c   Code   RO          536    i.Clock_IsSynced    app.o
    0x08001cf4   0x08001cf4   0x00000060   Code   RO          537    i.Clock_Sync        app.o
    0x08001d54   0x08001d54   0x00000030   Code   RO         1263    i.DHT22_GPIO_Output  dht22.o
    0x08001d84   0x08001d84   0x00000018   Code   RO         1264    i.DHT22_Init        dht22.o
    0x08001d9c   0x08001d9c   0x0000015c   Code   RO         1265    i.DHT22_ReadData    dht22.o
    0x08001ef8   0x08001ef8   0x00000002   Code   RO            5    i.DebugMon_Handler  stm32f4xx_it.o
    0x08001efa   0x08001efa   0x000000a2   Code   RO         3307    i.GPIO_Init         stm32f4xx_gpio.o
    0x08001f9c   0x08001f9c   0x00000020   Code   RO         3308    i.GPIO_PinAFConfig  stm32f4xx_gpio.o
    0x08001fbc   0x08001fbc   0x0000000e   Code   RO         3311    i.GPIO_ReadInputDataBit  stm32f4xx_gpio.o
    0x08001fca   0x08001fca   0x00000006   Code   RO         3314    i.GPIO_ResetBits    stm32f4xx_gpio.o
    0x08001fd0   0x08001fd0   0x00000004   Code   RO         3315    i.GPIO_SetBits      stm32f4xx_gpio.o
    0x08001fd4   0x08001fd4   0x00000012   Code   RO         3316    i.GPIO_StructInit   stm32f4xx_gpio.o
    0x08001fe6   0x08001fe6   0x0000000a   Code   RO         3319    i.GPIO_WriteBit     stm32f4xx_gpio.o
    0x08001ff0   0x08001ff0   0x0000003c   Code   RO          468    i.Get_SysTick_Cnt   delay.o
    0x0800202c   0x0800202c   0x00000024   Code   RO          469    i.Get_ms            delay.o
    0x08002050   0x08002050   0x00000002   Code   RO            6    i.HardFault_Handler  stm32f4xx_it.o
    0x08002052   0x08002052   0x00000026   Code   RO         1185    i.Is_in_Screen      st7789.o
    0x08002078   0x08002078   0x00000058   Code   RO          665    i.Main_Page_Clock_Colon_Draw  main_page.o
    0x080020d0   0x080020d0   0x00000074   Code   RO          666    i.Main_Page_Clock_Draw  main_page.o
    0x08002144   0x08002144   0x00000074   Code   RO          667    i.Main_Page_Clock_Draw_HH  main_page.o
    0x080021b8   0x080021b8   0x00000078   Code   RO          668    i.Main_Page_Clock_Draw_MM  main_page.o
    0x08002230   0x08002230   0x00000078   Code   RO          669    i.Main_Page_Clock_Update  main_page.o
    0x080022a8   0x080022a8   0x000000b0   Code   RO          670    i.Main_Page_Date_Draw  main_page.o
    0x08002358   0x08002358   0x0000001c   Code   RO          671    i.Main_Page_Display  main_page.o
    0x08002374   0x08002374   0x00000180   Code   RO          672    i.Main_Page_Room    main_page.o
    0x080024f4   0x080024f4   0x00000004   Code   RO          673    i.Main_Page_Room_Update  main_page.o
    0x080024f8   0x080024f8   0x00000140   Code   RO          674    i.Main_Page_Top     main_page.o
    0x08002638   0x08002638   0x000001c4   Code   RO          675    i.Main_Page_Weather  main_page.o
    0x080027fc   0x080027fc   0x00000004   Code   RO          676    i.Main_Page_Weather_Update  main_page.o
    0x08002800   0x08002800   0x00000002   Code   RO            7    i.MemManage_Handler  stm32f4xx_it.o
    0x08002802   0x08002802   0x00000002   Code   RO            8    i.NMI_Handler       stm32f4xx_it.o
    0x08002804   0x08002804   0x00000064   Code   RO         1432    i.NVIC_Init         misc.o
    0x08002868   0x08002868   0x00000002   Code   RO            9    i.PendSV_Handler    stm32f4xx_it.o
    0x0800286a   0x0800286a   0x00000002   PAD
    0x0800286c   0x0800286c   0x00000018   Code   RO         4233    i.RCC_AHB1PeriphClockCmd  stm32f4xx_rcc.o
    0x08002884   0x08002884   0x00000018   Code   RO         4242    i.RCC_APB1PeriphClockCmd  stm32f4xx_rcc.o
    0x0800289c   0x0800289c   0x00000018   Code   RO         4245    i.RCC_APB2PeriphClockCmd  stm32f4xx_rcc.o
    0x080028b4   0x080028b4   0x00000094   Code   RO         4254    i.RCC_GetClocksFreq  stm32f4xx_rcc.o
    0x08002948   0x08002948   0x00000014   Code   RO         5391    i.SPI_Cmd           stm32f4xx_spi.o
    0x0800295c   0x0800295c   0x0000000e   Code   RO         5399    i.SPI_I2S_GetFlagStatus  stm32f4xx_spi.o
    0x0800296a   0x0800296a   0x00000004   Code   RO         5403    i.SPI_I2S_SendData  stm32f4xx_spi.o
    0x0800296e   0x0800296e   0x00000038   Code   RO         5404    i.SPI_Init          stm32f4xx_spi.o
    0x080029a6   0x080029a6   0x00000018   Code   RO         5407    i.SPI_StructInit    stm32f4xx_spi.o
    0x080029be   0x080029be   0x00000002   PAD
    0x080029c0   0x080029c0   0x00000184   Code   RO         1186    i.ST7789_Display_Init  st7789.o
    0x08002b44   0x08002b44   0x00000100   Code   RO         1187    i.ST7789_Draw_Bitmap  st7789.o
    0x08002c44   0x08002c44   0x000000a8   Code   RO         1188    i.ST7789_Draw_Picture  st7789.o
    0x08002cec   0x08002cec   0x000000e4   Code   RO         1189    i.ST7789_Draw_Picture_AutoTransparent  st7789.o
    0x08002dd0   0x08002dd0   0x000000a4   Code   RO         1190    i.ST7789_Fill_Color  st7789.o
    0x08002e74   0x08002e74   0x000000bc   Code   RO         1191    i.ST7789_GPIO_Init  st7789.o
    0x08002f30   0x08002f30   0x00000058   Code   RO         1192    i.ST7789_Init       st7789.o
    0x08002f88   0x08002f88   0x0000004e   Code   RO         1193    i.ST7789_SetWindow  st7789.o
    0x08002fd6   0x08002fd6   0x00000002   PAD
    0x08002fd8   0x08002fd8   0x00000088   Code   RO         1194    i.ST7789_Write_Reg  st7789.o
    0x08003060   0x08003060   0x00000110   Code   RO         1195    i.ST7789_Write_String  st7789.o
    0x08003170   0x08003170   0x00000002   Code   RO           10    i.SVC_Handler       stm32f4xx_it.o
    0x08003172   0x08003172   0x00000002   PAD
    0x08003174   0x08003174   0x00000230   Code   RO          538    i.Service_Init      app.o
    0x080033a4   0x080033a4   0x00000090   Code   RO          539    i.Service_Room_Update  app.o
    0x08003434   0x08003434   0x00000044   Code   RO          540    i.Service_Time_Sync  app.o
    0x08003478   0x08003478   0x000000c0   Code   RO          541    i.Service_Weather_Update  app.o
    0x08003538   0x08003538   0x00000070   Code   RO          542    i.Service_WiFi_Update  app.o
    0x080035a8   0x080035a8   0x000000b4   Code   RO         1391    i.SetSysClock       system_stm32f4xx.o
    0x0800365c   0x0800365c   0x00000028   Code   RO          471    i.SysTick_Handler   delay.o
    0x08003684   0x08003684   0x00000024   Code   RO          472    i.SysTick_Init      delay.o
    0x080036a8   0x080036a8   0x0000005c   Code   RO         1393    i.SystemInit        system_stm32f4xx.o
    0x08003704   0x08003704   0x0000000c   Code   RO         1298    i.TIM5_Get_ms       timer.o
    0x08003710   0x08003710   0x00000040   Code   RO         1299    i.TIM5_IRQHandler   timer.o
    0x08003750   0x08003750   0x00000070   Code   RO         1300    i.TIM5_Init         timer.o
    0x080037c0   0x080037c0   0x00000006   Code   RO         5622    i.TIM_ClearITPendingBit  stm32f4xx_tim.o
    0x080037c6   0x080037c6   0x00000014   Code   RO         5627    i.TIM_Cmd           stm32f4xx_tim.o
    0x080037da   0x080037da   0x00000018   Code   RO         5648    i.TIM_GetITStatus   stm32f4xx_tim.o
    0x080037f2   0x080037f2   0x00000010   Code   RO         5652    i.TIM_ITConfig      stm32f4xx_tim.o
    0x08003802   0x08003802   0x00000002   PAD
    0x08003804   0x08003804   0x0000007c   Code   RO         5699    i.TIM_TimeBaseInit  stm32f4xx_tim.o
    0x08003880   0x08003880   0x00000050   Code   RO          428    i.Test              board.o
    0x080038d0   0x080038d0   0x00000034   Code   RO         1342    i.USART1_IRQHandler  usart.o
    0x08003904   0x08003904   0x00000006   Code   RO         6164    i.USART_ClearFlag   stm32f4xx_usart.o
    0x0800390a   0x0800390a   0x0000000c   Code   RO         6165    i.USART_ClearITPendingBit  stm32f4xx_usart.o
    0x08003916   0x08003916   0x00000014   Code   RO         6168    i.USART_Cmd         stm32f4xx_usart.o
    0x0800392a   0x0800392a   0x0000000e   Code   RO         6171    i.USART_GetFlagStatus  stm32f4xx_usart.o
    0x08003938   0x08003938   0x0000003e   Code   RO         6172    i.USART_GetITStatus  stm32f4xx_usart.o
    0x08003976   0x08003976   0x00000002   PAD
    0x08003978   0x08003978   0x000000ac   Code   RO         6175    i.USART_Init        stm32f4xx_usart.o
    0x08003a24   0x08003a24   0x00000008   Code   RO         6182    i.USART_ReceiveData  stm32f4xx_usart.o
    0x08003a2c   0x08003a2c   0x00000008   Code   RO         6185    i.USART_SendData    stm32f4xx_usart.o
    0x08003a34   0x08003a34   0x00000016   Code   RO         6191    i.USART_StructInit  stm32f4xx_usart.o
    0x08003a4a   0x08003a4a   0x00000002   Code   RO           11    i.UsageFault_Handler  stm32f4xx_it.o
    0x08003a4c   0x08003a4c   0x00000084   Code   RO         1343    i.Usart2_Debug_Init  usart.o
    0x08003ad0   0x08003ad0   0x00000074   Code   RO          543    i.Wireless_Init     app.o
    0x08003b44   0x08003b44   0x00000020   Code   RO         6681    i.__0printf         mc_w.l(printfa.o)
    0x08003b64   0x08003b64   0x00000030   Code   RO         6682    i.__0snprintf       mc_w.l(printfa.o)
    0x08003b94   0x08003b94   0x00000028   Code   RO         6683    i.__0sprintf        mc_w.l(printfa.o)
    0x08003bbc   0x08003bbc   0x00000008   Code   RO         6742    i.__aeabi_errno_addr  mc_w.l(errno.o)
    0x08003bc4   0x08003bc4   0x00000004   PAD
    0x08003bc8   0x08003bc8   0x00000038   Code   RO         6419    i.__hardfp_atof     m_wm.l(atof.o)
    0x08003c00   0x08003c00   0x0000000c   Code   RO         6743    i.__read_errno      mc_w.l(errno.o)
    0x08003c0c   0x08003c0c   0x0000000e   Code   RO         6823    i.__scatterload_copy  mc_w.l(handlers.o)
    0x08003c1a   0x08003c1a   0x00000002   Code   RO         6824    i.__scatterload_null  mc_w.l(handlers.o)
    0x08003c1c   0x08003c1c   0x0000000e   Code   RO         6825    i.__scatterload_zeroinit  mc_w.l(handlers.o)
    0x08003c2a   0x08003c2a   0x00000002   PAD
    0x08003c2c   0x08003c2c   0x0000000c   Code   RO         6744    i.__set_errno       mc_w.l(errno.o)
    0x08003c38   0x08003c38   0x00000184   Code   RO         6688    i._fp_digits        mc_w.l(printfa.o)
    0x08003dbc   0x08003dbc   0x0000000e   Code   RO         6810    i._is_digit         mc_w.l(scanf_fp.o)
    0x08003dca   0x08003dca   0x00000002   PAD
    0x08003dcc   0x08003dcc   0x000006dc   Code   RO         6689    i._printf_core      mc_w.l(printfa.o)
    0x080044a8   0x080044a8   0x00000024   Code   RO         6690    i._printf_post_padding  mc_w.l(printfa.o)
    0x080044cc   0x080044cc   0x0000002e   Code   RO         6691    i._printf_pre_padding  mc_w.l(printfa.o)
    0x080044fa   0x080044fa   0x00000016   Code   RO         6692    i._snputc           mc_w.l(printfa.o)
    0x08004510   0x08004510   0x0000000a   Code   RO         6693    i._sputc            mc_w.l(printfa.o)
    0x0800451a   0x0800451a   0x00000002   PAD
    0x0800451c   0x0800451c   0x00000038   Code   RO          473    i.delay_ms          delay.o
    0x08004554   0x08004554   0x0000003c   Code   RO          474    i.delay_us          delay.o
    0x08004590   0x08004590   0x0000002c   Code   RO          180    i.fputc             main.o
    0x080045bc   0x080045bc   0x000000dc   Code   RO          255    i.loop              loop.o
    0x08004698   0x08004698   0x00000012   Code   RO          181    i.main              main.o
    0x080046aa   0x080046aa   0x00000002   PAD
    0x080046ac   0x080046ac   0x000000e8   Code   RO         1094    i.parse_cipsntptime_response  at.o
    0x08004794   0x08004794   0x0000016c   Code   RO         1095    i.parse_weather_response  at.o
    0x08004900   0x08004900   0x00000034   Code   RO          256    i.period_callback   loop.o
    0x08004934   0x08004934   0x0000000c   Code   RO         1301    i.register_period_callback  timer.o
    0x08004940   0x08004940   0x00000168   Data   RO          677    .constdata          main_page.o
    0x08004aa8   0x08004aa8   0x00000c80   Data   RO          752    .constdata          image.o
    0x08005728   0x08005728   0x00000320   Data   RO          753    .constdata          image.o
    0x08005a48   0x08005a48   0x00000320   Data   RO          754    .constdata          image.o
    0x08005d68   0x08005d68   0x00000320   Data   RO          755    .constdata          image.o
    0x08006088   0x08006088   0x00000320   Data   RO          756    .constdata          image.o
    0x080063a8   0x080063a8   0x00001388   Data   RO          757    .constdata          image.o
    0x08007730   0x08007730   0x00001388   Data   RO          759    .constdata          image.o
    0x08008ab8   0x08008ab8   0x00001388   Data   RO          760    .constdata          image.o
    0x08009e40   0x08009e40   0x00000008   Data   RO          761    .constdata          image.o
    0x08009e48   0x08009e48   0x00000008   Data   RO          762    .constdata          image.o
    0x08009e50   0x08009e50   0x00000008   Data   RO          763    .constdata          image.o
    0x08009e58   0x08009e58   0x00000008   Data   RO          764    .constdata          image.o
    0x08009e60   0x08009e60   0x00000008   Data   RO          765    .constdata          image.o
    0x08009e68   0x08009e68   0x00000008   Data   RO          766    .constdata          image.o
    0x08009e70   0x08009e70   0x00000008   Data   RO          768    .constdata          image.o
    0x08009e78   0x08009e78   0x00000008   Data   RO          769    .constdata          image.o
    0x08009e80   0x08009e80   0x00025800   Data   RO          794    .constdata          image_boot_page.o
    0x0802f680   0x0802f680   0x00000008   Data   RO          795    .constdata          image_boot_page.o
    0x0802f688   0x0802f688   0x00001388   Data   RO          842    .constdata          image_weather.o
    0x08030a10   0x08030a10   0x00001388   Data   RO          843    .constdata          image_weather.o
    0x08031d98   0x08031d98   0x00001388   Data   RO          844    .constdata          image_weather.o
    0x08033120   0x08033120   0x00001388   Data   RO          845    .constdata          image_weather.o
    0x080344a8   0x080344a8   0x00001388   Data   RO          846    .constdata          image_weather.o
    0x08035830   0x08035830   0x00001388   Data   RO          847    .constdata          image_weather.o
    0x08036bb8   0x08036bb8   0x00001388   Data   RO          848    .constdata          image_weather.o
    0x08037f40   0x08037f40   0x00001388   Data   RO          849    .constdata          image_weather.o
    0x080392c8   0x080392c8   0x00001388   Data   RO          850    .constdata          image_weather.o
    0x0803a650   0x0803a650   0x00001388   Data   RO          851    .constdata          image_weather.o
    0x0803b9d8   0x0803b9d8   0x00001388   Data   RO          852    .constdata          image_weather.o
    0x0803cd60   0x0803cd60   0x00001388   Data   RO          853    .constdata          image_weather.o
    0x0803e0e8   0x0803e0e8   0x00001388   Data   RO          854    .constdata          image_weather.o
    0x0803f470   0x0803f470   0x00001388   Data   RO          855    .constdata          image_weather.o
    0x080407f8   0x080407f8   0x00001388   Data   RO          856    .constdata          image_weather.o
    0x08041b80   0x08041b80   0x00001388   Data   RO          857    .constdata          image_weather.o
    0x08042f08   0x08042f08   0x00001388   Data   RO          858    .constdata          image_weather.o
    0x08044290   0x08044290   0x00001388   Data   RO          859    .constdata          image_weather.o
    0x08045618   0x08045618   0x00001388   Data   RO          860    .constdata          image_weather.o
    0x080469a0   0x080469a0   0x00001388   Data   RO          861    .constdata          image_weather.o
    0x08047d28   0x08047d28   0x00001388   Data   RO          862    .constdata          image_weather.o
    0x080490b0   0x080490b0   0x00001388   Data   RO          863    .constdata          image_weather.o
    0x0804a438   0x0804a438   0x00000008   Data   RO          864    .constdata          image_weather.o
    0x0804a440   0x0804a440   0x00000008   Data   RO          865    .constdata          image_weather.o
    0x0804a448   0x0804a448   0x00000008   Data   RO          866    .constdata          image_weather.o
    0x0804a450   0x0804a450   0x00000008   Data   RO          867    .constdata          image_weather.o
    0x0804a458   0x0804a458   0x00000008   Data   RO          868    .constdata          image_weather.o
    0x0804a460   0x0804a460   0x00000008   Data   RO          869    .constdata          image_weather.o
    0x0804a468   0x0804a468   0x00000008   Data   RO          870    .constdata          image_weather.o
    0x0804a470   0x0804a470   0x00000008   Data   RO          871    .constdata          image_weather.o
    0x0804a478   0x0804a478   0x00000008   Data   RO          872    .constdata          image_weather.o
    0x0804a480   0x0804a480   0x00000008   Data   RO          873    .constdata          image_weather.o
    0x0804a488   0x0804a488   0x00000008   Data   RO          874    .constdata          image_weather.o
    0x0804a490   0x0804a490   0x00000008   Data   RO          875    .constdata          image_weather.o
    0x0804a498   0x0804a498   0x00000008   Data   RO          876    .constdata          image_weather.o
    0x0804a4a0   0x0804a4a0   0x00000008   Data   RO          877    .constdata          image_weather.o
    0x0804a4a8   0x0804a4a8   0x00000008   Data   RO          878    .constdata          image_weather.o
    0x0804a4b0   0x0804a4b0   0x00000008   Data   RO          879    .constdata          image_weather.o
    0x0804a4b8   0x0804a4b8   0x00000008   Data   RO          880    .constdata          image_weather.o
    0x0804a4c0   0x0804a4c0   0x00000008   Data   RO          881    .constdata          image_weather.o
    0x0804a4c8   0x0804a4c8   0x00000008   Data   RO          882    .constdata          image_weather.o
    0x0804a4d0   0x0804a4d0   0x00000008   Data   RO          883    .constdata          image_weather.o
    0x0804a4d8   0x0804a4d8   0x00000008   Data   RO          884    .constdata          image_weather.o
    0x0804a4e0   0x0804a4e0   0x00000008   Data   RO          885    .constdata          image_weather.o
    0x0804a4e8   0x0804a4e8   0x00000020   Data   RO          936    .constdata          font_16.o
    0x0804a508   0x0804a508   0x00000020   Data   RO          937    .constdata          font_16.o
    0x0804a528   0x0804a528   0x000005f0   Data   RO          938    .constdata          font_16.o
    0x0804ab18   0x0804ab18   0x000005f0   Data   RO          939    .constdata          font_16.o
    0x0804b108   0x0804b108   0x00000018   Data   RO          940    .constdata          font_16.o
    0x0804b120   0x0804b120   0x0000000c   Data   RO          941    .constdata          font_16.o
    0x0804b12c   0x0804b12c   0x0000000c   Data   RO          942    .constdata          font_16.o
    0x0804b138   0x0804b138   0x00000042   Data   RO          968    .constdata          font_22.o
    0x0804b17a   0x0804b17a   0x00000042   Data   RO          969    .constdata          font_22.o
    0x0804b1bc   0x0804b1bc   0x00000042   Data   RO          970    .constdata          font_22.o
    0x0804b1fe   0x0804b1fe   0x00000042   Data   RO          971    .constdata          font_22.o
    0x0804b240   0x0804b240   0x00000042   Data   RO          972    .constdata          font_22.o
    0x0804b282   0x0804b282   0x00000042   Data   RO          973    .constdata          font_22.o
    0x0804b2c4   0x0804b2c4   0x00000042   Data   RO          974    .constdata          font_22.o
    0x0804b306   0x0804b306   0x00000042   Data   RO          975    .constdata          font_22.o
    0x0804b348   0x0804b348   0x00000042   Data   RO          976    .constdata          font_22.o
    0x0804b38a   0x0804b38a   0x00000042   Data   RO          977    .constdata          font_22.o
    0x0804b3cc   0x0804b3cc   0x00000042   Data   RO          978    .constdata          font_22.o
    0x0804b40e   0x0804b40e   0x00000042   Data   RO          979    .constdata          font_22.o
    0x0804b450   0x0804b450   0x00000042   Data   RO          980    .constdata          font_22.o
    0x0804b492   0x0804b492   0x00000042   Data   RO          981    .constdata          font_22.o
    0x0804b4d4   0x0804b4d4   0x00000042   Data   RO          982    .constdata          font_22.o
    0x0804b516   0x0804b516   0x00000042   Data   RO          983    .constdata          font_22.o
    0x0804b558   0x0804b558   0x00000042   Data   RO          984    .constdata          font_22.o
    0x0804b59a   0x0804b59a   0x00000042   Data   RO          985    .constdata          font_22.o
    0x0804b5dc   0x0804b5dc   0x00000042   Data   RO          986    .constdata          font_22.o
    0x0804b61e   0x0804b61e   0x00000042   Data   RO          987    .constdata          font_22.o
    0x0804b660   0x0804b660   0x00000042   Data   RO          988    .constdata          font_22.o
    0x0804b6a2   0x0804b6a2   0x00000042   Data   RO          989    .constdata          font_22.o
    0x0804b6e4   0x0804b6e4   0x00000042   Data   RO          990    .constdata          font_22.o
    0x0804b726   0x0804b726   0x00000042   Data   RO          991    .constdata          font_22.o
    0x0804b768   0x0804b768   0x00000042   Data   RO          992    .constdata          font_22.o
    0x0804b7aa   0x0804b7aa   0x00000042   Data   RO          993    .constdata          font_22.o
    0x0804b7ec   0x0804b7ec   0x00000042   Data   RO          994    .constdata          font_22.o
    0x0804b82e   0x0804b82e   0x00000042   Data   RO          995    .constdata          font_22.o
    0x0804b870   0x0804b870   0x00001054   Data   RO          997    .constdata          font_22.o
    0x0804c8c4   0x0804c8c4   0x000000e8   Data   RO          998    .constdata          font_22.o
    0x0804c9ac   0x0804c9ac   0x0000000c   Data   RO         1000    .constdata          font_22.o
    0x0804c9b8   0x0804c9b8   0x00003570   Data   RO         1055    .constdata          font_48.o
    0x0804ff28   0x0804ff28   0x0000000c   Data   RO         1057    .constdata          font_48.o
    0x0804ff34   0x0804ff34   0x0000006c   Data   RO         1097    .constdata          at.o
    0x0804ffa0   0x0804ffa0   0x00000081   Data   RO         6779    .constdata          mc_w.l(ctype_o.o)
    0x08050021   0x08050021   0x00000003   PAD
    0x08050024   0x08050024   0x00000004   Data   RO         6780    .constdata          mc_w.l(ctype_o.o)
    0x08050028   0x08050028   0x00000109   Data   RO          545    .conststring        app.o
    0x08050131   0x08050131   0x00000003   PAD
    0x08050134   0x08050134   0x0000009f   Data   RO          678    .conststring        main_page.o
    0x080501d3   0x080501d3   0x00000001   PAD
    0x080501d4   0x080501d4   0x00000007   Data   RO          943    .conststring        font_16.o
    0x080501db   0x080501db   0x00000001   PAD
    0x080501dc   0x080501dc   0x0000005b   Data   RO         1001    .conststring        font_22.o
    0x08050237   0x08050237   0x00000001   PAD
    0x08050238   0x08050238   0x00000070   Data   RO         1098    .conststring        at.o
    0x080502a8   0x080502a8   0x00000020   Data   RO         6821    Region$$Table       anon$$obj.o


    Execution Region RW_IRAM1 (Exec base: 0x20000000, Load base: 0x080502c8, Size: 0x00001768, Max: 0x00020000, ABSOLUTE)

    Exec Addr    Load Addr    Size         Type   Attr      Idx    E Section Name        Object

    0x20000000   0x080502c8   0x00000014   Data   RW          257    .data               loop.o
    0x20000014   0x080502dc   0x00000004   PAD
    0x20000018   0x080502e0   0x00000008   Data   RW          475    .data               delay.o
    0x20000020   0x080502e8   0x0000004c   Data   RW          546    .data               app.o
    0x2000006c   0x08050334   0x00000010   Data   RW          679    .data               main_page.o
    0x2000007c   0x08050344   0x00000004   PAD
    0x20000080   0x08050348   0x00000010   Data   RW         1302    .data               timer.o
    0x20000090   0x08050358   0x00000001   Data   RW         1345    .data               usart.o
    0x20000091   0x08050359   0x00000003   PAD
    0x20000094   0x0805035c   0x00000014   Data   RW         1394    .data               system_stm32f4xx.o
    0x200000a8   0x08050370   0x00000010   Data   RW         4286    .data               stm32f4xx_rcc.o
    0x200000b8   0x08050380   0x00000004   Data   RW         6735    .data               mc_w.l(stdout.o)
    0x200000bc   0x08050384   0x00000004   Data   RW         6745    .data               mc_w.l(errno.o)
    0x200000c0        -       0x00000124   Zero   RW          544    .bss                app.o
    0x200001e4        -       0x00000080   Zero   RW          633    .bss                boot_page.o
    0x20000264        -       0x00000500   Zero   RW         1096    .bss                at.o
    0x20000764   0x08050388   0x00000004   PAD
    0x20000768        -       0x00001000   Zero   RW         1381    STACK               startup_stm32f40xx.o


==============================================================================

Image component sizes


      Code (inc. data)   RO Data    RW Data    ZI Data      Debug   Object Name

      1844        700        265         76        292       9916   app.o
      1634        542        220          0       1280      10590   at.o
       238         56          0          0          0       1864   board.o
       440        116          0          0        128       2236   boot_page.o
       288         42          0          8          0       3554   delay.o
       420         16          0          0          0       2442   dht22.o
         0          0       3159          0          0       1308   font_16.o
         0          0       6363          0          0       1308   font_22.o
         0          0      13692          0          0       1264   font_48.o
         0          0      21464          0          0       2611   image.o
         0          0     153608          0          0       2303   image_boot_page.o
         0          0     110176          0          0       3251   image_weather.o
       272         32          0         20          0       8435   loop.o
        62          6          0          0          0       4654   main.o
      1928        234        519         16          0       9551   main_page.o
       100          4          0          0          0       1012   misc.o
      2004        142          0          0          0      10872   st7789.o
        36          8        392          0       4096        816   startup_stm32f40xx.o
       246          0          0          0          0       4805   stm32f4xx_gpio.o
        16          0          0          0          0     302720   stm32f4xx_it.o
       220         34          0         16          0       4835   stm32f4xx_rcc.o
       118          0          0          0          0       3593   stm32f4xx_spi.o
       190         28          0          0          0       4801   stm32f4xx_tim.o
       324          8          0          0          0       6595   stm32f4xx_usart.o
       272         36          0         20          0       1717   system_stm32f4xx.o
       200         34          0         16          0       2463   timer.o
       184         18          0          1          0       1346   usart.o

    ----------------------------------------------------------------------
     11056       2056     309896        184       5800     410862   Object Totals
         0          0         32          0          0          0   (incl. Generated)
        20          0          6         11          4          0   (incl. Padding)

    ----------------------------------------------------------------------

      Code (inc. data)   RO Data    RW Data    ZI Data      Debug   Library Member Name

        56         12          0          0          0        132   atof.o
        56          8          0          0          0         84   __0sscanf.o
        28          0          0          0          0         68   _chval.o
       812          4          0          0          0        112   _scanf.o
       332          0          0          0          0         96   _scanf_int.o
       224          0          0          0          0         96   _scanf_str.o
        64          0          0          0          0         84   _sgetc.o
       158          0          0          0          0         92   _strtoul.o
        26          0          0          0          0         80   atoi.o
         8          4        133          0          0         68   ctype_o.o
         0          0          0          0          0          0   entry.o
         0          0          0          0          0          0   entry10a.o
         0          0          0          0          0          0   entry11a.o
         8          4          0          0          0          0   entry2.o
         4          0          0          0          0          0   entry5.o
         0          0          0          0          0          0   entry7b.o
         0          0          0          0          0          0   entry8b.o
         8          4          0          0          0          0   entry9a.o
        32         16          0          4          0        204   errno.o
        30          0          0          0          0          0   handlers.o
        36          8          0          0          0         68   init.o
        18          0          0          0          0         76   isspace_o.o
         0          0          0          0          0          0   iusefp.o
        98          0          0          0          0         84   ldiv.o
        30          0          0          0          0         68   llshl.o
        36          0          0          0          0         68   llsshr.o
        32          0          0          0          0         68   llushr.o
        36          0          0          0          0         68   memcpya.o
        36          0          0          0          0        108   memseta.o
      2378        100          0          0          0        756   printfa.o
        40          8          0          0          0         84   scanf_char.o
       878         12          0          0          0        216   scanf_fp.o
         0          0          0          4          0          0   stdout.o
        28          0          0          0          0         76   strcmp.o
        18          0          0          0          0         68   strcpy.o
        14          0          0          0          0         68   strlen.o
        24          0          0          0          0         76   strncpy.o
        36          0          0          0          0         80   strstr.o
       156         12          0          0          0        120   strtod.o
       112          0          0          0          0         88   strtol.o
        44          0          0          0          0         80   uidiv.o
        98          0          0          0          0         92   uldiv.o
        48          0          0          0          0         68   cdrcmple.o
        56          0          0          0          0         88   d2f.o
       334          0          0          0          0        148   dadd.o
       222          0          0          0          0        100   ddiv.o
       186          0          0          0          0        176   depilogue.o
        48          0          0          0          0         68   dfixul.o
        24          0          0          0          0         76   dfltul.o
       228          0          0          0          0         96   dmul.o
        38          0          0          0          0         68   f2d.o
       110          0          0          0          0        168   fepilogue.o

    ----------------------------------------------------------------------
      7304        196        136          8          0       4584   Library Totals
        16          4          3          0          0          0   (incl. Padding)

    ----------------------------------------------------------------------

      Code (inc. data)   RO Data    RW Data    ZI Data      Debug   Library Name

        56         12          0          0          0        132   m_wm.l
      5938        180        133          8          0       3396   mc_w.l
      1294          0          0          0          0       1056   mf_w.l

    ----------------------------------------------------------------------
      7304        196        136          8          0       4584   Library Totals

    ----------------------------------------------------------------------

==============================================================================


      Code (inc. data)   RO Data    RW Data    ZI Data      Debug   

     18360       2252     310032        192       5800     402706   Grand Totals
     18360       2252     310032        192       5800     402706   ELF Image Totals
     18360       2252     310032        192          0          0   ROM Totals

==============================================================================

    Total RO  Size (Code + RO Data)               328392 ( 320.70kB)
    Total RW  Size (RW Data + ZI Data)              5992 (   5.85kB)
    Total ROM Size (Code + RO Data + RW Data)     328584 ( 320.88kB)

==============================================================================

