Component: ARM Compiler 5.06 update 5 (build 528) Tool: armlink [4d35e2]

==============================================================================

Section Cross References

    main.o(i.main) refers to board.o(i.Board_Peripheral_Init) for Board_Peripheral_Init
    main.o(i.main) refers to board.o(i.Board_Init) for Board_Init
    main.o(i.main) refers to loop.o(i.loop) for loop
    main.o(i.vAssertCalled) refers to printfa.o(i.__0printf) for __2printf
    loop.o(i.loop) refers to timer.o(i.register_period_callback) for register_period_callback
    loop.o(i.loop) refers to boot_page.o(i.Boot_Page_Display) for Boot_Page_Display
    loop.o(i.loop) refers to main_page.o(i.Main_Page_Display) for Main_Page_Display
    loop.o(i.loop) refers to app.o(i.Clock_IsSynced) for Clock_IsSynced
    loop.o(i.loop) refers to main_page.o(i.Main_Page_Clock_Update) for Main_Page_Clock_Update
    loop.o(i.loop) refers to delay.o(i.delay_ms) for delay_ms
    loop.o(i.loop) refers to app.o(i.Service_Time_Sync) for Service_Time_Sync
    loop.o(i.loop) refers to app.o(i.Service_WiFi_Update) for Service_WiFi_Update
    loop.o(i.loop) refers to app.o(i.Service_Weather_Update) for Service_Weather_Update
    loop.o(i.loop) refers to main_page.o(i.Main_Page_Weather_Update) for Main_Page_Weather_Update
    loop.o(i.loop) refers to app.o(i.Service_Room_Update) for Service_Room_Update
    loop.o(i.loop) refers to main_page.o(i.Main_Page_Room_Update) for Main_Page_Room_Update
    loop.o(i.loop) refers to loop.o(i.period_callback) for period_callback
    loop.o(i.loop) refers to loop.o(.data) for .data
    loop.o(i.loop) refers to app.o(.bss) for wifi_info
    loop.o(i.period_callback) refers to loop.o(.data) for .data
    board.o(i.Board_Init) refers to delay.o(i.SysTick_Init) for SysTick_Init
    board.o(i.Board_Init) refers to timer.o(i.TIM5_Init) for TIM5_Init
    board.o(i.Board_Init) refers to board.o(i.Board_Peripheral_Init) for Board_Peripheral_Init
    board.o(i.Board_Init) refers to st7789.o(i.ST7789_Init) for ST7789_Init
    board.o(i.Board_Init) refers to board.o(i.Test) for Test
    board.o(i.Board_Init) refers to usart.o(i.Usart2_Debug_Init) for Usart2_Debug_Init
    board.o(i.Board_Init) refers to printfa.o(i.__0printf) for __2printf
    board.o(i.Board_Peripheral_Init) refers to stm32f4xx_rcc.o(i.RCC_AHB1PeriphClockCmd) for RCC_AHB1PeriphClockCmd
    board.o(i.Board_Peripheral_Init) refers to stm32f4xx_rcc.o(i.RCC_APB2PeriphClockCmd) for RCC_APB2PeriphClockCmd
    board.o(i.Board_Peripheral_Init) refers to stm32f4xx_rcc.o(i.RCC_APB1PeriphClockCmd) for RCC_APB1PeriphClockCmd
    board.o(i.Test) refers to stm32f4xx_gpio.o(i.GPIO_Init) for GPIO_Init
    board.o(i.Test) refers to stm32f4xx_gpio.o(i.GPIO_ResetBits) for GPIO_ResetBits
    board.o(i.fputc) refers to stm32f4xx_usart.o(i.USART_ClearFlag) for USART_ClearFlag
    board.o(i.fputc) refers to stm32f4xx_usart.o(i.USART_SendData) for USART_SendData
    board.o(i.fputc) refers to stm32f4xx_usart.o(i.USART_GetFlagStatus) for USART_GetFlagStatus
    delay.o(i.Get_SysTick_Cnt) refers to delay.o(.data) for .data
    delay.o(i.Get_ms) refers to delay.o(i.Get_SysTick_Cnt) for Get_SysTick_Cnt
    delay.o(i.Get_ms) refers to uldiv.o(.text) for __aeabi_uldivmod
    delay.o(i.Get_ms) refers to system_stm32f4xx.o(.data) for SystemCoreClock
    delay.o(i.Get_us) refers to delay.o(i.Get_SysTick_Cnt) for Get_SysTick_Cnt
    delay.o(i.Get_us) refers to uldiv.o(.text) for __aeabi_uldivmod
    delay.o(i.Get_us) refers to system_stm32f4xx.o(.data) for SystemCoreClock
    delay.o(i.SysTick_Handler) refers to system_stm32f4xx.o(.data) for SystemCoreClock
    delay.o(i.SysTick_Handler) refers to delay.o(.data) for .data
    delay.o(i.SysTick_Init) refers to system_stm32f4xx.o(.data) for SystemCoreClock
    delay.o(i.delay_ms) refers to delay.o(i.Get_SysTick_Cnt) for Get_SysTick_Cnt
    delay.o(i.delay_ms) refers to system_stm32f4xx.o(.data) for SystemCoreClock
    delay.o(i.delay_us) refers to delay.o(i.Get_SysTick_Cnt) for Get_SysTick_Cnt
    delay.o(i.delay_us) refers to system_stm32f4xx.o(.data) for SystemCoreClock
    app.o(i.Clock_CivilFromDays) refers to ldiv.o(.text) for __aeabi_ldivmod
    app.o(i.Clock_GetDateTime) refers to timer.o(i.TIM5_Get_ms) for TIM5_Get_ms
    app.o(i.Clock_GetDateTime) refers to uldiv.o(.text) for __aeabi_uldivmod
    app.o(i.Clock_GetDateTime) refers to app.o(i.Clock_CivilFromDays) for Clock_CivilFromDays
    app.o(i.Clock_GetDateTime) refers to ldiv.o(.text) for __aeabi_ldivmod
    app.o(i.Clock_GetDateTime) refers to app.o(.data) for .data
    app.o(i.Clock_IsSynced) refers to app.o(.data) for .data
    app.o(i.Clock_Sync) refers to app.o(i.Clock_DaysFromCivil) for Clock_DaysFromCivil
    app.o(i.Clock_Sync) refers to timer.o(i.TIM5_Get_ms) for TIM5_Get_ms
    app.o(i.Clock_Sync) refers to app.o(.data) for .data
    app.o(i.Service_Init) refers to printfa.o(i.__0printf) for __2printf
[...]
    gImage_location                          0x0800ba0c   Data         800  image.o(.constdata)
    .constdata                               0x0800bd2c   Section      800  image.o(.constdata)
    gImage_no_location                       0x0800bd2c   Data         800  image.o(.constdata)
    .constdata                               0x0800c04c   Section     5000  image.o(.constdata)
    gImage_temperature                       0x0800c04c   Data        5000  image.o(.constdata)
    .constdata                               0x0800d3d4   Section     5000  image.o(.constdata)
    gImage_humidity                          0x0800d3d4   Data        5000  image.o(.constdata)
    .constdata                               0x0800e75c   Section     5000  image.o(.constdata)
    gImage_thermometer                       0x0800e75c   Data        5000  image.o(.constdata)
    .constdata                               0x0800fae4   Section        8  image.o(.constdata)
    .constdata                               0x0800faec   Section        8  image.o(.constdata)
    .constdata                               0x0800faf4   Section        8  image.o(.constdata)
    .constdata                               0x0800fafc   Section        8  image.o(.constdata)
    .constdata                               0x0800fb04   Section        8  image.o(.constdata)
    .constdata                               0x0800fb0c   Section        8  image.o(.constdata)
    .constdata                               0x0800fb14   Section        8  image.o(.constdata)
    .constdata                               0x0800fb1c   Section        8  image.o(.constdata)
    .constdata                               0x0800fb24   Section    153600  image_boot_page.o(.constdata)
    gImage_Boot_Page_Waitconnect             0x0800fb24   Data       153600  image_boot_page.o(.constdata)
    .constdata                               0x08035324   Section        8  image_boot_page.o(.constdata)
    .constdata                               0x0803532c   Section     5000  image_weather.o(.constdata)
    gImage_sunny                             0x0803532c   Data        5000  image_weather.o(.constdata)
    .constdata                               0x080366b4   Section     5000  image_weather.o(.constdata)
    gImage_star                              0x080366b4   Data        5000  image_weather.o(.constdata)
    .constdata                               0x08037a3c   Section     5000  image_weather.o(.constdata)
    gImage_overcast                          0x08037a3c   Data        5000  image_weather.o(.constdata)
    .constdata                               0x08038dc4   Section     5000  image_weather.o(.constdata)
    gImage_cloudy                            0x08038dc4   Data        5000  image_weather.o(.constdata)
    .constdata                               0x0803a14c   Section     5000  image_weather.o(.constdata)
    gImage_light_rain                        0x0803a14c   Data        5000  image_weather.o(.constdata)
    .constdata                               0x0803b4d4   Section     5000  image_weather.o(.constdata)
    gImage_moderate_rain                     0x0803b4d4   Data        5000  image_weather.o(.constdata)
    .constdata                               0x0803c85c   Section     5000  image_weather.o(.constdata)
    gImage_heavy_rain                        0x0803c85c   Data        5000  image_weather.o(.constdata)
    .constdata                               0x0803dbe4   Section     5000  image_weather.o(.constdata)
    gImage_storm                             0x0803dbe4   Data        5000  image_weather.o(.constdata)
    .constdata                               0x0803ef6c   Section     5000  image_weather.o(.constdata)
    gImage_heavy_storm                       0x0803ef6c   Data        5000  image_weather.o(.constdata)
    .constdata                               0x080402f4   Section     5000  image_weather.o(.constdata)
    gImage_severe_storm                      0x080402f4   Data        5000  image_weather.o(.constdata)
    .constdata                               0x0804167c   Section     5000  image_weather.o(.constdata)
    gImage_ice_rain                          0x0804167c   Data        5000  image_weather.o(.constdata)
    .constdata                               0x08042a04   Section     5000  image_weather.o(.constdata)
    gImage_shower                            0x08042a04   Data        5000  image_weather.o(.constdata)
    .constdata                               0x08043d8c   Section     5000  image_weather.o(.constdata)
    gImage_thundershower                     0x08043d8c   Data        5000  image_weather.o(.constdata)
    .constdata                               0x08045114   Section     5000  image_weather.o(.constdata)
    gImage_thundershower_with_hail           0x08045114   Data        5000  image_weather.o(.constdata)
    .constdata                               0x0804649c   Section     5000  image_weather.o(.constdata)
    gImage_sleet                             0x0804649c   Data        5000  image_weather.o(.constdata)
    .constdata                               0x08047824   Section     5000  image_weather.o(.constdata)
    gImage_snow_flurry                       0x08047824   Data        5000  image_weather.o(.constdata)
    .constdata                               0x08048bac   Section     5000  image_weather.o(.constdata)
    gImage_light_snow                        0x08048bac   Data        5000  image_weather.o(.constdata)
    .constdata                               0x08049f34   Section     5000  image_weather.o(.constdata)
    gImage_moderate_snow                     0x08049f34   Data        5000  image_weather.o(.constdata)
    .constdata                               0x0804b2bc   Section     5000  image_weather.o(.constdata)
    gImage_heavy_snow                        0x0804b2bc   Data        5000  image_weather.o(.constdata)
    .constdata                               0x0804c644   Section     5000  image_weather.o(.constdata)
    gImage_snowstorm                         0x0804c644   Data        5000  image_weather.o(.constdata)
    .constdata                               0x0804d9cc   Section     5000  image_weather.o(.constdata)
    gImage_foggy                             0x0804d9cc   Data        5000  image_weather.o(.constdata)
    .constdata                               0x0804ed54   Section     5000  image_weather.o(.constdata)
    gImage_haze                              0x0804ed54   Data        5000  image_weather.o(.constdata)
    .constdata                               0x080500dc   Section        8  image_weather.o(.constdata)
    .constdata                               0x080500e4   Section        8  image_weather.o(.constdata)
    .constdata                               0x080500ec   Section        8  image_weather.o(.constdata)
    .constdata                               0x080500f4   Section        8  image_weather.o(.constdata)
    .constdata                               0x080500fc   Section        8  image_weather.o(.constdata)
    .constdata                               0x08050104   Section        8  image_weather.o(.constdata)
    .constdata                               0x0805010c   Section        8  image_weather.o(.constdata)
    .constdata                               0x08050114   Section        8  image_weather.o(.constdata)
    .constdata                               0x0805011c   Section        8  image_weather.o(.constdata)
    .constdata                               0x08050124   Section        8  image_weather.o(.constdata)
    .constdata                               0x0805012c   Section        8  image_weather.o(.constdata)
    .constdata                               0x08050134   Section        8  image_weather.o(.constdata)
    .constdata                               0x0805013c   Section        8  image_weather.o(.constdata)
    .constdata                               0x08050144   Section        8  image_weather.o(.constdata)
    .constdata                               0x0805014c   Section        8  image_weather.o(.constdata)
    .constdata                               0x08050154   Section        8  image_weather.o(.constdata)
    .constdata                               0x0805015c   Section        8  image_weather.o(.constdata)
    .constdata                               0x08050164   Section        8  image_weather.o(.constdata)
    .constdata                               0x0805016c   Section        8  image_weather.o(.constdata)
    .constdata                               0x08050174   Section        8  image_weather.o(.constdata)
    .constdata                               0x0805017c   Section        8  image_weather.o(.constdata)
    .constdata                               0x08050184   Section        8  image_weather.o(.constdata)
    .constdata                               0x0805018c   Section      360  main_page.o(.constdata)
    weather_map                              0x080501ac   Data         312  main_page.o(.constdata)
    .constdata                               0x080502f4   Section      108  at.o(.constdata)
    AT_ACK_Match                             0x080502f4   Data          32  at.o(.constdata)
    .constdata                               0x08050360   Section      129  ctype_o.o(.constdata)
    .constdata                               0x080503e4   Section        4  ctype_o.o(.constdata)
    table                                    0x080503e4   Data           4  ctype_o.o(.constdata)
    .conststring                             0x080503e8   Section      265  app.o(.conststring)
    .conststring                             0x080504f4   Section        7  font_16.o(.conststring)
    .conststring                             0x080504fc   Section      107  font_22.o(.conststring)
    .conststring                             0x08050568   Section      141  main_page.o(.conststring)
    .conststring                             0x080505f8   Section      112  at.o(.conststring)
    .data                                    0x20000000   Section       20  loop.o(.data)
    time_sync_period                         0x20000000   Data           4  loop.o(.data)
    time_update_period                       0x20000004   Data           4  loop.o(.data)
    wifi_update_period                       0x20000008   Data           4  loop.o(.data)
    weather_update_period                    0x2000000c   Data           4  loop.o(.data)
    room_update_period                       0x20000010   Data           4  loop.o(.data)
    .data                                    0x20000018   Section        8  delay.o(.data)
    SysTick_Cnt                              0x20000018   Data           8  delay.o(.data)
    .data                                    0x20000020   Section       76  app.o(.data)
    clock_synced                             0x20000020   Data           1  app.o(.data)
    dht22_inited                             0x20000021   Data           1  app.o(.data)
    weather_url                              0x20000030   Data           4  app.o(.data)
    clock_epoch                              0x20000040   Data           8  app.o(.data)
    clock_sync_ms                            0x20000048   Data           8  app.o(.data)
    .data                                    0x2000006c   Section       16  main_page.o(.data)
    last_day                                 0x2000006c   Data           1  main_page.o(.data)
    last_second                              0x20000070   Data           4  main_page.o(.data)
    last_minute                              0x20000074   Data           4  main_page.o(.data)
    last_hour                                0x20000078   Data           4  main_page.o(.data)
    .data                                    0x2000007c   Section        1  st7789.o(.data)
    s_spi_datasize                           0x2000007c   Data           1  st7789.o(.data)
    .data                                    0x20000080   Section       16  timer.o(.data)
    timer_callback                           0x20000080   Data           4  timer.o(.data)
    TIM5_ms                                  0x20000088   Data           8  timer.o(.data)
    .data                                    0x20000090   Section        1  usart.o(.data)
    .data                                    0x20000094   Section       20  system_stm32f4xx.o(.data)
    .data                                    0x200000a8   Section       16  stm32f4xx_rcc.o(.data)
    APBAHBPrescTable                         0x200000a8   Data          16  stm32f4xx_rcc.o(.data)
    .data                                    0x200000b8   Section        4  stdout.o(.data)
    .data                                    0x200000bc   Section        4  errno.o(.data)
    _errno                                   0x200000bc   Data           4  errno.o(.data)
    .bss                                     0x200000c0   Section      292  app.o(.bss)
    .bss                                     0x200001e4   Section      128  boot_page.o(.bss)
    fail_msg                                 0x200001e4   Data          32  boot_page.o(.bss)
    success_line_1                           0x20000204   Data          32  boot_page.o(.bss)
    success_line_2                           0x20000224   Data          32  boot_page.o(.bss)
    success_line_3                           0x20000244   Data          32  boot_page.o(.bss)
    .bss                                     0x20000264   Section     1280  at.o(.bss)
    tx_buf                                   0x20000264   Data         256  at.o(.bss)
    rx_buf                                   0x20000364   Data        1024  at.o(.bss)
    .bss                                     0x20000764   Section    23040  st7789.o(.bss)
    s_scratch                                0x20000764   Data       23040  st7789.o(.bss)
    STACK                                    0x20006168   Section     4096  startup_stm32f40xx.o(STACK)

    Global Symbols

    Symbol Name                              Value     Ov Type        Size  Object(Section)

    BuildAttributes$$THM_ISAv4$E$P$D$K$B$S$7EM$VFPi3$EXTD16$VFPS$VFMA$PE$A:L22UL41UL21$X:L11$S22US41US21$IEEE1$IW$USESV6$~STKCKD$USESV7$~SHL$OTIME$ROPI$IEEEJ$EBA8$MICROLIB$REQ8$PRES8$EABIv2 0x00000000   Number         0  anon$$obj.o ABSOLUTE
    __ARM_use_no_argv                        0x00000000   Number         0  main.o ABSOLUTE
    _printf_a                                0x00000000   Number         0  stubs.o ABSOLUTE
    _printf_c                                0x00000000   Number         0  stubs.o ABSOLUTE
    _printf_charcount                        0x00000000   Number         0  stubs.o ABSOLUTE
    _printf_d                                0x00000000   Number         0  stubs.o ABSOLUTE
    _printf_e                                0x00000000   Number         0  stubs.o ABSOLUTE
    _printf_f                                0x00000000   Number         0  stubs.o ABSOLUTE
    _printf_flags                            0x00000000   Number         0  stubs.o ABSOLUTE
    _printf_fp_dec                           0x00000000   Number         0  stubs.o ABSOLUTE
    _printf_fp_hex                           0x00000000   Number         0  stubs.o ABSOLUTE
    _printf_g                                0x00000000   Number         0  stubs.o ABSOLUTE
    _printf_i                                0x00000000   Number         0  stubs.o ABSOLUTE
    _printf_int_dec                          0x00000000   Number         0  stubs.o ABSOLUTE
    _printf_l                                0x00000000   Number         0  stubs.o ABSOLUTE
    _printf_lc                               0x00000000   Number         0  stubs.o ABSOLUTE
    _printf_ll                               0x00000000   Number         0  stubs.o ABSOLUTE
    _printf_lld                              0x00000000   Number         0  stubs.o ABSOLUTE
    _printf_lli                              0x00000000   Number         0  stubs.o ABSOLUTE
    _printf_llo                              0x00000000   Number         0  stubs.o ABSOLUTE
    _printf_llu                              0x00000000   Number         0  stubs.o ABSOLUTE
    _printf_llx                              0x00000000   Number         0  stubs.o ABSOLUTE
    _printf_longlong_dec                     0x00000000   Number         0  stubs.o ABSOLUTE
    _printf_longlong_hex                     0x00000000   Number         0  stubs.o ABSOLUTE
    _printf_longlong_oct                     0x00000000   Number         0  stubs.o ABSOLUTE
    _printf_ls                               0x00000000   Number         0  stubs.o ABSOLUTE
    _printf_mbtowc                           0x00000000   Number         0  stubs.o ABSOLUTE
    _printf_n                                0x00000000   Number         0  stubs.o ABSOLUTE
    _printf_o                                0x00000000   Number         0  stubs.o ABSOLUTE
    _printf_p                                0x00000000   Number         0  stubs.o ABSOLUTE
    _printf_percent                          0x00000000   Number         0  stubs.o ABSOLUTE
    _printf_pre_padding                      0x00000000   Number         0  stubs.o ABSOLUTE
    _printf_return_value                     0x00000000   Number         0  stubs.o ABSOLUTE
    _printf_s                                0x00000000   Number         0  stubs.o ABSOLUTE
    _printf_sizespec                         0x00000000   Number         0  stubs.o ABSOLUTE
    _printf_str                              0x00000000   Number         0  stubs.o ABSOLUTE
    _printf_truncate_signed                  0x00000000   Number         0  stubs.o ABSOLUTE
    _printf_truncate_unsigned                0x00000000   Number         0  stubs.o ABSOLUTE
    _printf_u                                0x00000000   Number         0  stubs.o ABSOLUTE
    _printf_wc                               0x00000000   Number         0  stubs.o ABSOLUTE
    _printf_wctomb                           0x00000000   Number         0  stubs.o ABSOLUTE
    _printf_widthprec                        0x00000000   Number         0  stubs.o ABSOLUTE
    _printf_x                                0x00000000   Number         0  stubs.o ABSOLUTE
    __cpp_initialize__aeabi_                  - Undefined Weak Reference
    __cxa_finalize                            - Undefined Weak Reference
    __decompress                              - Undefined Weak Reference
    _clock_init                               - Undefined Weak Reference
    _microlib_exit                            - Undefined Weak Reference
    _scanf_longlong                           - Undefined Weak Reference
    __Vectors_Size                           0x00000188   Number         0  startup_stm32f40xx.o ABSOLUTE
    __Vectors                                0x08000000   Data           4  startup_stm32f40xx.o(RESET)
    __Vectors_End                            0x08000188   Data           0  startup_stm32f40xx.o(RESET)
    __main                                   0x08000189   Thumb Code     0  entry.o(.ARM.Collect$$$$00000000)
    _main_stk                                0x08000189   Thumb Code     0  entry2.o(.ARM.Collect$$$$00000001)
    _main_scatterload                        0x0800018d   Thumb Code     0  entry5.o(.ARM.Collect$$$$00000004)
    __main_after_scatterload                 0x08000191   Thumb Code     0  entry5.o(.ARM.Collect$$$$00000004)
    _main_clock                              0x08000191   Thumb Code     0  entry7b.o(.ARM.Collect$$$$00000008)
    _main_cpp_init                           0x08000191   Thumb Code     0  entry8b.o(.ARM.Collect$$$$0000000A)
    _main_init                               0x08000191   Thumb Code     0  entry9a.o(.ARM.Collect$$$$0000000B)
    __rt_final_cpp                           0x08000199   Thumb Code     0  entry10a.o(.ARM.Collect$$$$0000000D)
    __rt_final_exit                          0x08000199   Thumb Code     0  entry11a.o(.ARM.Collect$$$$0000000F)
    Reset_Handler                            0x0800019d   Thumb Code     8  startup_stm32f40xx.o(.text)
    ADC_IRQHandler                           0x080001b7   Thumb Code     0  startup_stm32f40xx.o(.text)
    CAN1_RX0_IRQHandler                      0x080001b7   Thumb Code     0  startup_stm32f40xx.o(.text)
    CAN1_RX1_IRQHandler                      0x080001b7   Thumb Code     0  startup_stm32f40xx.o(.text)
    CAN1_SCE_IRQHandler                      0x080001b7   Thumb Code     0  startup_stm32f40xx.o(.text)
    CAN1_TX_IRQHandler                       0x080001b7   Thumb Code     0  startup_stm32f40xx.o(.text)
    CAN2_RX0_IRQHandler                      0x080001b7   Thumb Code     0  startup_stm32f40xx.o(.text)
    CAN2_RX1_IRQHandler                      0x080001b7   Thumb Code     0  startup_stm32f40xx.o(.text)
    CAN2_SCE_IRQHandler                      0x080001b7   Thumb Code     0  startup_stm32f40xx.o(.text)
    CAN2_TX_IRQHandler                       0x080001b7   Thumb Code     0  startup_stm32f40xx.o(.text)
    CRYP_IRQHandler                          0x080001b7   Thumb Code     0  startup_stm32f40xx.o(.text)
    DCMI_IRQHandler                          0x080001b7   Thumb Code     0  startup_stm32f40xx.o(.text)
    DMA1_Stream0_IRQHandler                  0x080001b7   Thumb Code     0  startup_stm32f40xx.o(.text)
    DMA1_Stream1_IRQHandler                  0x080001b7   Thumb Code     0  startup_stm32f40xx.o(.text)
    DMA1_Stream2_IRQHandler                  0x080001b7   Thumb Code     0  startup_stm32f40xx.o(.text)
    DMA1_Stream3_IRQHandler                  0x080001b7   Thumb Code     0  startup_stm32f40xx.o(.text)
    DMA1_Stream4_IRQHandler                  0x080001b7   Thumb Code     0  startup_stm32f40xx.o(.text)
    DMA1_Stream5_IRQHandler                  0x080001b7   Thumb Code     0  startup_stm32f40xx.o(.text)
    DMA1_Stream6_IRQHandler                  0x080001b7   Thumb Code     0  startup_stm32f40xx.o(.text)
    DMA1_Stream7_IRQHandler                  0x080001b7   Thumb Code     0  startup_stm32f40xx.o(.text)
    DMA2_Stream0_IRQHandler                  0x080001b7   Thumb Code     0  startup_stm32f40xx.o(.text)
    DMA2_Stream1_IRQHandler                  0x080001b7   Thumb Code     0  startup_stm32f40xx.o(.text)
    DMA2_Stream2_IRQHandler                  0x080001b7   Thumb Code     0  startup_stm32f40xx.o(.text)
    DMA2_Stream3_IRQHandler                  0x080001b7   Thumb Code     0  startup_stm32f40xx.o(.text)
    DMA2_Stream4_IRQHandler                  0x080001b7   Thumb Code     0  startup_stm32f40xx.o(.text)
    DMA2_Stream5_IRQHandler                  0x080001b7   Thumb Code     0  startup_stm32f40xx.o(.text)
    DMA2_Stream6_IRQHandler                  0x080001b7   Thumb Code     0  startup_stm32f40xx.o(.text)
    DMA2_Stream7_IRQHandler                  0x080001b7   Thumb Code     0  startup_stm32f40xx.o(.text)
    ETH_IRQHandler                           0x080001b7   Thumb Code     0  startup_stm32f40xx.o(.text)
    ETH_WKUP_IRQHandler                      0x080001b7   Thumb Code     0  startup_stm32f40xx.o(.text)
    EXTI0_IRQHandler                         0x080001b7   Thumb Code     0  startup_stm32f40xx.o(.text)
    EXTI15_10_IRQHandler                     0x080001b7   Thumb Code     0  startup_stm32f40xx.o(.text)
    EXTI1_IRQHandler                         0x080001b7   Thumb Code     0  startup_stm32f40xx.o(.text)
    EXTI2_IRQHandler                         0x080001b7   Thumb Code     0  startup_stm32f40xx.o(.text)
    EXTI3_IRQHandler                         0x080001b7   Thumb Code     0  startup_stm32f40xx.o(.text)
    EXTI4_IRQHandler                         0x080001b7   Thumb Code     0  startup_stm32f40xx.o(.text)
    EXTI9_5_IRQHandler                       0x080001b7   Thumb Code     0  startup_stm32f40xx.o(.text)
    FLASH_IRQHandler                         0x080001b7   Thumb Code     0  startup_stm32f40xx.o(.text)
    FPU_IRQHandler                           0x080001b7   Thumb Code     0  startup_stm32f40xx.o(.text)
    FSMC_IRQHandler                          0x080001b7   Thumb Code     0  startup_stm32f40xx.o(.text)
    HASH_RNG_IRQHandler                      0x080001b7   Thumb Code     0  startup_stm32f40xx.o(.text)
    I2C1_ER_IRQHandler                       0x080001b7   Thumb Code     0  startup_stm32f40xx.o(.text)
    I2C1_EV_IRQHandler                       0x080001b7   Thumb Code     0  startup_stm32f40xx.o(.text)
    I2C2_ER_IRQHandler                       0x080001b7   Thumb Code     0  startup_stm32f40xx.o(.text)
    I2C2_EV_IRQHandler                       0x080001b7   Thumb Code     0  startup_stm32f40xx.o(.text)
    I2C3_ER_IRQHandler                       0x080001b7   Thumb Code     0  startup_stm32f40xx.o(.text)
    I2C3_EV_IRQHandler                       0x080001b7   Thumb Code     0  startup_stm32f40xx.o(.text)
    OTG_FS_IRQHandler                        0x080001b7   Thumb Code     0  startup_stm32f40xx.o(.text)
    OTG_FS_WKUP_IRQHandler                   0x080001b7   Thumb Code     0  startup_stm32f40xx.o(.text)
    OTG_HS_EP1_IN_IRQHandler                 0x080001b7   Thumb Code     0  startup_stm32f40xx.o(.text)
    OTG_HS_EP1_OUT_IRQHandler                0x080001b7   Thumb Code     0  startup_stm32f40xx.o(.text)
    OTG_HS_IRQHandler                        0x080001b7   Thumb Code     0  startup_stm32f40xx.o(.text)
    OTG_HS_WKUP_IRQHandler                   0x080001b7   Thumb Code     0  startup_stm32f40xx.o(.text)
    PVD_IRQHandler                           0x080001b7   Thumb Code     0  startup_stm32f40xx.o(.text)
    RCC_IRQHandler                           0x080001b7   Thumb Code     0  startup_stm32f40xx.o(.text)
    RTC_Alarm_IRQHandler                     0x080001b7   Thumb Code     0  startup_stm32f40xx.o(.text)
    RTC_WKUP_IRQHandler                      0x080001b7   Thumb Code     0  startup_stm32f40xx.o(.text)
    SDIO_IRQHandler                          0x080001b7   Thumb Code     0  startup_stm32f40xx.o(.text)
    SPI1_IRQHandler                          0x080001b7   Thumb Code     0  startup_stm32f40xx.o(.text)
    SPI2_IRQHandler                          0x080001b7   Thumb Code     0  startup_stm32f40xx.o(.text)
    SPI3_IRQHandler                          0x080001b7   Thumb Code     0  startup_stm32f40xx.o(.text)
    TAMP_STAMP_IRQHandler                    0x080001b7   Thumb Code     0  startup_stm32f40xx.o(.text)
    TIM1_BRK_TIM9_IRQHandler                 0x080001b7   Thumb Code     0  startup_stm32f40xx.o(.text)
    TIM1_CC_IRQHandler                       0x080001b7   Thumb Code     0  startup_stm32f40xx.o(.text)
    TIM1_TRG_COM_TIM11_IRQHandler            0x080001b7   Thumb Code     0  startup_stm32f40xx.o(.text)
    TIM1_UP_TIM10_IRQHandler                 0x080001b7   Thumb Code     0  startup_stm32f40xx.o(.text)
    TIM2_IRQHandler                          0x080001b7   Thumb Code     0  startup_stm32f40xx.o(.text)
    TIM3_IRQHandler                          0x080001b7   Thumb Code     0  startup_stm32f40xx.o(.text)
    TIM4_IRQHandler                          0x080001b7   Thumb Code     0  startup_stm32f40xx.o(.text)
    TIM6_DAC_IRQHandler                      0x080001b7   Thumb Code     0  startup_stm32f40xx.o(.text)
    TIM7_IRQHandler                          0x080001b7   Thumb Code     0  startup_stm32f40xx.o(.text)
    TIM8_BRK_TIM12_IRQHandler                0x080001b7   Thumb Code     0  startup_stm32f40xx.o(.text)
    TIM8_CC_IRQHandler                       0x080001b7   Thumb Code     0  startup_stm32f40xx.o(.text)
    TIM8_TRG_COM_TIM14_IRQHandler            0x080001b7   Thumb Code     0  startup_stm32f40xx.o(.text)
    TIM8_UP_TIM13_IRQHandler                 0x080001b7   Thumb Code     0  startup_stm32f40xx.o(.text)
    UART4_IRQHandler                         0x080001b7   Thumb Code     0  startup_stm32f40xx.o(.text)
    UART5_IRQHandler                         0x080001b7   Thumb Code     0  startup_stm32f40xx.o(.text)
    USART2_IRQHandler                        0x080001b7   Thumb Code     0  startup_stm32f40xx.o(.text)
    USART3_IRQHandler                        0x080001b7   Thumb Code     0  startup_stm32f40xx.o(.text)
    USART6_IRQHandler                        0x080001b7   Thumb Code     0  startup_stm32f40xx.o(.text)
    WWDG_IRQHandler                          0x080001b7   Thumb Code     0  startup_stm32f40xx.o(.text)
    __aeabi_uldivmod                         0x080001c1   Thumb Code    98  uldiv.o(.text)
    __aeabi_ldivmod                          0x08000223   Thumb Code    98  ldiv.o(.text)
    __aeabi_memcpy                           0x08000285   Thumb Code    36  memcpya.o(.text)
    __aeabi_memcpy4                          0x08000285   Thumb Code     0  memcpya.o(.text)
    __aeabi_memcpy8                          0x08000285   Thumb Code     0  memcpya.o(.text)
    __aeabi_memset                           0x080002a9   Thumb Code    14  memseta.o(.text)
    __aeabi_memset4                          0x080002a9   Thumb Code     0  memseta.o(.text)
    __aeabi_memset8                          0x080002a9   Thumb Code     0  memseta.o(.text)
    __aeabi_memclr                           0x080002b7   Thumb Code     4  memseta.o(.text)
    __aeabi_memclr4                          0x080002b7   Thumb Code     0  memseta.o(.text)
    __aeabi_memclr8                          0x080002b7   Thumb Code     0  memseta.o(.text)
    memset                                   0x080002bb   Thumb Code    18  memseta.o(.text)
    strstr                                   0x080002cd   Thumb Code    36  strstr.o(.text)
    strncpy                                  0x080002f1   Thumb Code    24  strncpy.o(.text)
    strlen                                   0x08000309   Thumb Code    14  strlen.o(.text)
    strcmp                                   0x08000317   Thumb Code    28  strcmp.o(.text)
    strcpy                                   0x08000333   Thumb Code    18  strcpy.o(.text)
    __0sscanf                                0x08000345   Thumb Code    48  __0sscanf.o(.text)
    _scanf_int                               0x0800037d   Thumb Code   332  _scanf_int.o(.text)
    _scanf_string                            0x080004c9   Thumb Code   224  _scanf_str.o(.text)
    atoi                                     0x080005a9   Thumb Code    26  atoi.o(.text)
    __aeabi_f2d                              0x080005c3   Thumb Code    38  f2d.o(.text)
    __aeabi_d2f                              0x080005e9   Thumb Code    56  d2f.o(.text)
    __aeabi_uidiv                            0x08000621   Thumb Code     0  uidiv.o(.text)
    __aeabi_uidivmod                         0x08000621   Thumb Code    44  uidiv.o(.text)
    __aeabi_llsl                             0x0800064d   Thumb Code    30  llshl.o(.text)
    _ll_shift_l                              0x0800064d   Thumb Code     0  llshl.o(.text)
    __aeabi_llsr                             0x0800066b   Thumb Code    32  llushr.o(.text)
    _ll_ushift_r                             0x0800066b   Thumb Code     0  llushr.o(.text)
    _chval                                   0x0800068b   Thumb Code    28  _chval.o(.text)
    __vfscanf_char                           0x080006b5   Thumb Code    20  scanf_char.o(.text)
    _sgetc                                   0x080006d1   Thumb Code    30  _sgetc.o(.text)
    _sbackspace                              0x080006ef   Thumb Code    34  _sgetc.o(.text)
    __strtod_int                             0x08000747   Thumb Code    90  strtod.o(.text)
    strtol                                   0x080007ad   Thumb Code   112  strtol.o(.text)
    __I$use$fp                               0x0800081d   Thumb Code     0  iusefp.o(.text)
    _float_round                             0x0800081d   Thumb Code    18  fepilogue.o(.text)
    _float_epilogue                          0x0800082f   Thumb Code    92  fepilogue.o(.text)
    __aeabi_dadd                             0x0800088b   Thumb Code   322  dadd.o(.text)
    __aeabi_dsub                             0x080009cd   Thumb Code     6  dadd.o(.text)
    __aeabi_drsub                            0x080009d3   Thumb Code     6  dadd.o(.text)
    __aeabi_dmul                             0x080009d9   Thumb Code   228  dmul.o(.text)
    __aeabi_ddiv                             0x08000abd   Thumb Code   222  ddiv.o(.text)
    __aeabi_d2ulz                            0x08000b9b   Thumb Code    48  dfixul.o(.text)
    __aeabi_cdrcmple                         0x08000bcd   Thumb Code    48  cdrcmple.o(.text)
    __scatterload                            0x08000bfd   Thumb Code    28  init.o(.text)
    __scatterload_rt2                        0x08000bfd   Thumb Code     0  init.o(.text)
    __aeabi_lasr                             0x08000c21   Thumb Code    36  llsshr.o(.text)
    _ll_sshift_r                             0x08000c21   Thumb Code     0  llsshr.o(.text)
    __rt_ctype_table                         0x08000c45   Thumb Code     4  ctype_o.o(.text)
    isspace                                  0x08000c4d   Thumb Code    18  isspace_o.o(.text)
    __vfscanf                                0x08000c61   Thumb Code   808  _scanf.o(.text)
    _scanf_real                              0x080010b5   Thumb Code     0  scanf_fp.o(.text)
    _scanf_really_real                       0x080010b5   Thumb Code   556  scanf_fp.o(.text)
    _strtoul                                 0x080012ed   Thumb Code   158  _strtoul.o(.text)
    _double_round                            0x0800138b   Thumb Code    30  depilogue.o(.text)
    _double_epilogue                         0x080013a9   Thumb Code   156  depilogue.o(.text)
    __aeabi_ul2d                             0x08001445   Thumb Code    24  dfltul.o(.text)
    AT_Connect_WiFi                          0x0800145d   Thumb Code    62  at.o(i.AT_Connect_WiFi)
    AT_Get_HTTP                              0x080014c9   Thumb Code    34  at.o(i.AT_Get_HTTP)
    AT_Get_WiFi_Info                         0x08001511   Thumb Code   120  at.o(i.AT_Get_WiFi_Info)
    AT_Init                                  0x080015f5   Thumb Code    64  at.o(i.AT_Init)
    AT_Is_WiFi_Conected                      0x08001645   Thumb Code    22  at.o(i.AT_Is_WiFi_Conected)
    AT_SNTP_Get_Time                         0x0800165d   Thumb Code    34  at.o(i.AT_SNTP_Get_Time)
    AT_SNTP_Init                             0x08001695   Thumb Code    20  at.o(i.AT_SNTP_Init)
    AT_WiFi_Init                             0x080017f1   Thumb Code    10  at.o(i.AT_WiFi_Init)
    AT_Write_Command                         0x08001809   Thumb Code    94  at.o(i.AT_Write_Command)
    Board_Init                               0x0800186d   Thumb Code    40  board.o(i.Board_Init)
    Board_Peripheral_Init                    0x080018c5   Thumb Code    78  board.o(i.Board_Peripheral_Init)
    Boot_Page_Display                        0x08001915   Thumb Code   324  boot_page.o(i.Boot_Page_Display)
    BusFault_Handler                         0x08001acd   Thumb Code     2  stm32f4xx_it.o(i.BusFault_Handler)
    Clock_GetDateTime                        0x08001c39   Thumb Code   176  app.o(i.Clock_GetDateTime)
    Clock_IsSynced                           0x08001cf1   Thumb Code     6  app.o(i.Clock_IsSynced)
    Clock_Sync                               0x08001cfd   Thumb Code    88  app.o(i.Clock_Sync)
    DHT22_Init                               0x08001d8d   Thumb Code    18  dht22.o(i.DHT22_Init)
    DHT22_ReadData                           0x08001da5   Thumb Code   364  dht22.o(i.DHT22_ReadData)
    DMA_ClearFlag                            0x08001f15   Thumb Code    32  stm32f4xx_dma.o(i.DMA_ClearFlag)
    DMA_Cmd                                  0x08001f41   Thumb Code    20  stm32f4xx_dma.o(i.DMA_Cmd)
    DMA_DeInit                               0x08001f55   Thumb Code   272  stm32f4xx_dma.o(i.DMA_DeInit)
    DMA_GetCmdStatus                         0x08002079   Thumb Code    14  stm32f4xx_dma.o(i.DMA_GetCmdStatus)
    DMA_GetFlagStatus                        0x08002089   Thumb Code    40  stm32f4xx_dma.o(i.DMA_GetFlagStatus)
    DMA_Init                                 0x080020bd   Thumb Code    80  stm32f4xx_dma.o(i.DMA_Init)
    DMA_StructInit                           0x08002111   Thumb Code    34  stm32f4xx_dma.o(i.DMA_StructInit)
    DebugMon_Handler                         0x08002133   Thumb Code     2  stm32f4xx_it.o(i.DebugMon_Handler)
    GPIO_Init                                0x08002135   Thumb Code   162  stm32f4xx_gpio.o(i.GPIO_Init)
    GPIO_PinAFConfig                         0x080021d7   Thumb Code    32  stm32f4xx_gpio.o(i.GPIO_PinAFConfig)
    GPIO_ReadInputDataBit                    0x080021f7   Thumb Code    14  stm32f4xx_gpio.o(i.GPIO_ReadInputDataBit)
    GPIO_ResetBits                           0x08002205   Thumb Code     6  stm32f4xx_gpio.o(i.GPIO_ResetBits)
    GPIO_SetBits                             0x0800220b   Thumb Code     4  stm32f4xx_gpio.o(i.GPIO_SetBits)
    GPIO_StructInit                          0x0800220f   Thumb Code    18  stm32f4xx_gpio.o(i.GPIO_StructInit)
    GPIO_WriteBit                            0x08002221   Thumb Code    10  stm32f4xx_gpio.o(i.GPIO_WriteBit)
    Get_SysTick_Cnt                          0x0800222d   Thumb Code    54  delay.o(i.Get_SysTick_Cnt)
    Get_ms                                   0x08002269   Thumb Code    30  delay.o(i.Get_ms)
    HardFault_Handler                        0x0800228d   Thumb Code     2  stm32f4xx_it.o(i.HardFault_Handler)
    Main_Page_Clock_Update                   0x08002449   Thumb Code   114  main_page.o(i.Main_Page_Clock_Update)
    Main_Page_Display                        0x08002571   Thumb Code    24  main_page.o(i.Main_Page_Display)
    Main_Page_Room_Update                    0x0800270d   Thumb Code     4  main_page.o(i.Main_Page_Room_Update)
    Main_Page_Weather_Update                 0x08002a15   Thumb Code     4  main_page.o(i.Main_Page_Weather_Update)
    MemManage_Handler                        0x08002a19   Thumb Code     2  stm32f4xx_it.o(i.MemManage_Handler)
    NMI_Handler                              0x08002a1b   Thumb Code     2  stm32f4xx_it.o(i.NMI_Handler)
    NVIC_Init                                0x08002a1d   Thumb Code    96  misc.o(i.NVIC_Init)
    PendSV_Handler                           0x08002a81   Thumb Code     2  stm32f4xx_it.o(i.PendSV_Handler)
    RCC_AHB1PeriphClockCmd                   0x08002a85   Thumb Code    18  stm32f4xx_rcc.o(i.RCC_AHB1PeriphClockCmd)
    RCC_APB1PeriphClockCmd                   0x08002a9d   Thumb Code    18  stm32f4xx_rcc.o(i.RCC_APB1PeriphClockCmd)
    RCC_APB2PeriphClockCmd                   0x08002ab5   Thumb Code    18  stm32f4xx_rcc.o(i.RCC_APB2PeriphClockCmd)
    RCC_GetClocksFreq                        0x08002acd   Thumb Code   132  stm32f4xx_rcc.o(i.RCC_GetClocksFreq)
    SPI_Cmd                                  0x08002b61   Thumb Code    20  stm32f4xx_spi.o(i.SPI_Cmd)
    SPI_DataSizeConfig                       0x08002b75   Thumb Code    16  stm32f4xx_spi.o(i.SPI_DataSizeConfig)
    SPI_I2S_DMACmd                           0x08002b85   Thumb Code    16  stm32f4xx_spi.o(i.SPI_I2S_DMACmd)
    SPI_I2S_GetFlagStatus                    0x08002b95   Thumb Code    14  stm32f4xx_spi.o(i.SPI_I2S_GetFlagStatus)
    SPI_I2S_SendData                         0x08002ba3   Thumb Code     4  stm32f4xx_spi.o(i.SPI_I2S_SendData)
    SPI_Init                                 0x08002ba7   Thumb Code    56  stm32f4xx_spi.o(i.SPI_Init)
    SPI_StructInit                           0x08002bdf   Thumb Code    24  stm32f4xx_spi.o(i.SPI_StructInit)
    ST7789_Draw_Picture                      0x08002e39   Thumb Code    68  st7789.o(i.ST7789_Draw_Picture)
    ST7789_Draw_Picture_AutoTransparent      0x08002e7d   Thumb Code   248  st7789.o(i.ST7789_Draw_Picture_AutoTransparent)
    ST7789_Fill_Color                        0x08002f7d   Thumb Code    60  st7789.o(i.ST7789_Fill_Color)
    ST7789_Init                              0x08003055   Thumb Code   160  st7789.o(i.ST7789_Init)
    ST7789_Write_String                      0x080032c9   Thumb Code   460  st7789.o(i.ST7789_Write_String)
    SVC_Handler                              0x08003499   Thumb Code     2  stm32f4xx_it.o(i.SVC_Handler)
    Service_Init                             0x0800349d   Thumb Code   326  app.o(i.Service_Init)
    Service_Room_Update                      0x08003769   Thumb Code    88  app.o(i.Service_Room_Update)
    Service_Time_Sync                        0x080037f9   Thumb Code    30  app.o(i.Service_Time_Sync)
    Service_Weather_Update                   0x0800383d   Thumb Code    68  app.o(i.Service_Weather_Update)
    Service_WiFi_Update                      0x080038fd   Thumb Code    50  app.o(i.Service_WiFi_Update)
    SysTick_Handler                          0x08003a21   Thumb Code    32  delay.o(i.SysTick_Handler)
    SysTick_Init                             0x08003a49   Thumb Code    30  delay.o(i.SysTick_Init)
    SystemInit                               0x08003a6d   Thumb Code    74  system_stm32f4xx.o(i.SystemInit)
    TIM5_Get_ms                              0x08003ac9   Thumb Code     8  timer.o(i.TIM5_Get_ms)
    TIM5_IRQHandler                          0x08003ad5   Thumb Code    54  timer.o(i.TIM5_IRQHandler)
    TIM5_Init                                0x08003b15   Thumb Code    98  timer.o(i.TIM5_Init)
    TIM_ClearITPendingBit                    0x08003b85   Thumb Code     6  stm32f4xx_tim.o(i.TIM_ClearITPendingBit)
    TIM_Cmd                                  0x08003b8b   Thumb Code    20  stm32f4xx_tim.o(i.TIM_Cmd)
    TIM_GetITStatus                          0x08003b9f   Thumb Code    24  stm32f4xx_tim.o(i.TIM_GetITStatus)
    TIM_ITConfig                             0x08003bb7   Thumb Code    16  stm32f4xx_tim.o(i.TIM_ITConfig)
    TIM_TimeBaseInit                         0x08003bc9   Thumb Code    96  stm32f4xx_tim.o(i.TIM_TimeBaseInit)
    Test                                     0x08003c45   Thumb Code    72  board.o(i.Test)
    USART1_IRQHandler                        0x08003c95   Thumb Code    44  usart.o(i.USART1_IRQHandler)
    USART_ClearFlag                          0x08003cc9   Thumb Code     6  stm32f4xx_usart.o(i.USART_ClearFlag)
    USART_ClearITPendingBit                  0x08003ccf   Thumb Code    12  stm32f4xx_usart.o(i.USART_ClearITPendingBit)
    USART_Cmd                                0x08003cdb   Thumb Code    20  stm32f4xx_usart.o(i.USART_Cmd)
    USART_GetFlagStatus                      0x08003cef   Thumb Code    14  stm32f4xx_usart.o(i.USART_GetFlagStatus)
    USART_GetITStatus                        0x08003cfd   Thumb Code    62  stm32f4xx_usart.o(i.USART_GetITStatus)
    USART_Init                               0x08003d3d   Thumb Code   164  stm32f4xx_usart.o(i.USART_Init)
    USART_ReceiveData                        0x08003de9   Thumb Code     8  stm32f4xx_usart.o(i.USART_ReceiveData)
    USART_SendData                           0x08003df1   Thumb Code     8  stm32f4xx_usart.o(i.USART_SendData)
    USART_StructInit                         0x08003df9   Thumb Code    22  stm32f4xx_usart.o(i.USART_StructInit)
    UsageFault_Handler                       0x08003e0f   Thumb Code     2  stm32f4xx_it.o(i.UsageFault_Handler)
    Usart2_Debug_Init                        0x08003e11   Thumb Code   122  usart.o(i.Usart2_Debug_Init)
    Wireless_Init                            0x08003e95   Thumb Code    44  app.o(i.Wireless_Init)
    __0printf                                0x08003f09   Thumb Code    22  printfa.o(i.__0printf)
    __1printf                                0x08003f09   Thumb Code     0  printfa.o(i.__0printf)
    __2printf                                0x08003f09   Thumb Code     0  printfa.o(i.__0printf)
    __c89printf                              0x08003f09   Thumb Code     0  printfa.o(i.__0printf)
    printf                                   0x08003f09   Thumb Code     0  printfa.o(i.__0printf)
    __0snprintf                              0x08003f29   Thumb Code    44  printfa.o(i.__0snprintf)
    __1snprintf                              0x08003f29   Thumb Code     0  printfa.o(i.__0snprintf)
    __2snprintf                              0x08003f29   Thumb Code     0  printfa.o(i.__0snprintf)
    __c89snprintf                            0x08003f29   Thumb Code     0  printfa.o(i.__0snprintf)
    snprintf                                 0x08003f29   Thumb Code     0  printfa.o(i.__0snprintf)
    __0sprintf                               0x08003f59   Thumb Code    34  printfa.o(i.__0sprintf)
    __1sprintf                               0x08003f59   Thumb Code     0  printfa.o(i.__0sprintf)
    __2sprintf                               0x08003f59   Thumb Code     0  printfa.o(i.__0sprintf)
    __c89sprintf                             0x08003f59   Thumb Code     0  printfa.o(i.__0sprintf)
    sprintf                                  0x08003f59   Thumb Code     0  printfa.o(i.__0sprintf)
    __aeabi_errno_addr                       0x08003f81   Thumb Code     4  errno.o(i.__aeabi_errno_addr)
    __rt_errno_addr                          0x08003f81   Thumb Code     0  errno.o(i.__aeabi_errno_addr)
    __hardfp_atof                            0x08003f89   Thumb Code    44  atof.o(i.__hardfp_atof)
    __read_errno                             0x08003fc1   Thumb Code     6  errno.o(i.__read_errno)
    __scatterload_copy                       0x08003fcd   Thumb Code    14  handlers.o(i.__scatterload_copy)
    __scatterload_null                       0x08003fdb   Thumb Code     2  handlers.o(i.__scatterload_null)
    __scatterload_zeroinit                   0x08003fdd   Thumb Code    14  handlers.o(i.__scatterload_zeroinit)
    __set_errno                              0x08003fed   Thumb Code     6  errno.o(i.__set_errno)
    _is_digit                                0x0800417d   Thumb Code    14  scanf_fp.o(i._is_digit)
    delay_ms                                 0x080048dd   Thumb Code    50  delay.o(i.delay_ms)
    delay_us                                 0x08004915   Thumb Code    50  delay.o(i.delay_us)
    fputc                                    0x08004951   Thumb Code    38  board.o(i.fputc)
    loop                                     0x0800497d   Thumb Code   194  loop.o(i.loop)
    main                                     0x08004a59   Thumb Code    18  main.o(i.main)
    parse_weather_response                   0x08004b55   Thumb Code   182  at.o(i.parse_weather_response)
    register_period_callback                 0x08004cf5   Thumb Code     6  timer.o(i.register_period_callback)
    Font_16                                  0x08005938   Data          12  font_16.o(.constdata)
    Font_16B                                 0x08005944   Data          12  font_16.o(.constdata)
    Font_22B                                 0x080071c4   Data          12  font_22.o(.constdata)
    Font_48B                                 0x0800a740   Data          12  font_48.o(.constdata)
    Image_err                                0x0800fae4   Data           8  image.o(.constdata)
    Image_wifi                               0x0800faec   Data           8  image.o(.constdata)
    Image_wifi_off                           0x0800faf4   Data           8  image.o(.constdata)
    Image_location                           0x0800fafc   Data           8  image.o(.constdata)
    Image_no_location                        0x0800fb04   Data           8  image.o(.constdata)
    Image_temperature                        0x0800fb0c   Data           8  image.o(.constdata)
    Image_humidity                           0x0800fb14   Data           8  image.o(.constdata)
    Image_thermometer                        0x0800fb1c   Data           8  image.o(.constdata)
    Boot_Page_Waitconnect                    0x08035324   Data           8  image_boot_page.o(.constdata)
    Image_sunny                              0x080500dc   Data           8  image_weather.o(.constdata)
    Image_star                               0x080500e4   Data           8  image_weather.o(.constdata)
    Image_overcast                           0x080500ec   Data           8  image_weather.o(.constdata)
    Image_cloudy                             0x080500f4   Data           8  image_weather.o(.constdata)
    Image_light_rain                         0x080500fc   Data           8  image_weather.o(.constdata)
    Image_moderate_rain                      0x08050104   Data           8  image_weather.o(.constdata)
    Image_heavy_rain                         0x0805010c   Data           8  image_weather.o(.constdata)
    Image_storm                              0x08050114   Data           8  image_weather.o(.constdata)
    Image_heavy_storm                        0x0805011c   Data           8  image_weather.o(.constdata)
    Image_severe_storm                       0x08050124   Data           8  image_weather.o(.constdata)
    Image_ice_rain                           0x0805012c   Data           8  image_weather.o(.constdata)
    Image_shower                             0x08050134   Data           8  image_weather.o(.constdata)
    Image_thundershower                      0x0805013c   Data           8  image_weather.o(.constdata)
    Image_thundershower_with_hail            0x08050144   Data           8  image_weather.o(.constdata)
    Image_sleet                              0x0805014c   Data           8  image_weather.o(.constdata)
    Image_snow_flurry                        0x08050154   Data           8  image_weather.o(.constdata)
    Image_light_snow                         0x0805015c   Data           8  image_weather.o(.constdata)
    Image_moderate_snow                      0x08050164   Data           8  image_weather.o(.constdata)
    Image_heavy_snow                         0x0805016c   Data           8  image_weather.o(.constdata)
    Image_snowstorm                          0x08050174   Data           8  image_weather.o(.constdata)
    Image_foggy                              0x0805017c   Data           8  image_weather.o(.constdata)
    Image_haze                               0x08050184   Data           8  image_weather.o(.constdata)
    __ctype_table                            0x08050360   Data         129  ctype_o.o(.constdata)
    Region$$Table$$Base                      0x08050668   Number         0  anon$$obj.o(Region$$Table)
    Region$$Table$$Limit                     0x08050688   Number         0  anon$$obj.o(Region$$Table)
    ssid                                     0x20000024   Data           4  app.o(.data)
    password                                 0x20000028   Data           4  app.o(.data)
    mac                                      0x2000002c   Data           4  app.o(.data)
    http_response                            0x20000034   Data           4  app.o(.data)
    date_info                                0x20000038   Data           8  app.o(.data)
    weekdays                                 0x20000050   Data          28  app.o(.data)
    rx_data                                  0x20000090   Data           1  usart.o(.data)
    SystemCoreClock                          0x20000094   Data           4  system_stm32f4xx.o(.data)
    AHBPrescTable                            0x20000098   Data          16  system_stm32f4xx.o(.data)
    __stdout                                 0x200000b8   Data           4  stdout.o(.data)
    wifi_info                                0x200000c0   Data          96  app.o(.bss)
    weather_info                             0x20000120   Data         184  app.o(.bss)
    room_info                                0x200001d8   Data          12  app.o(.bss)
    __initial_sp                             0x20007168   Data           0  startup_stm32f40xx.o(STACK)



==============================================================================

Memory Map of the image

  Image Entry point : 0x08000189

  Load Region LR_IROM1 (Base: 0x08000000, Size: 0x00050748, Max: 0x00080000, ABSOLUTE)

    Execution Region ER_IROM1 (Exec base: 0x08000000, Load base: 0x08000000, Size: 0x00050688, Max: 0x00080000, ABSOLUTE)

    Exec Addr    Load Addr    Size         Type   Attr      Idx    E Section Name        Object

    0x08000000   0x08000000   0x00000188   Data   RO         1285    RESET               startup_stm32f40xx.o
    0x08000188   0x08000188   0x00000000   Code   RO         7363  * .ARM.Collect$$$$00000000  mc_w.l(entry.o)
    0x08000188   0x08000188   0x00000004   Code   RO         7661    .ARM.Collect$$$$00000001  mc_w.l(entry2.o)
    0x0800018c   0x0800018c   0x00000004   Code   RO         7664    .ARM.Collect$$$$00000004  mc_w.l(entry5.o)
    0x08000190   0x08000190   0x00000000   Code   RO         7666    .ARM.Collect$$$$00000008  mc_w.l(entry7b.o)
    0x08000190   0x08000190   0x00000000   Code   RO         7668    .ARM.Collect$$$$0000000A  mc_w.l(entry8b.o)
    0x08000190   0x08000190   0x00000008   Code   RO         7669    .ARM.Collect$$$$0000000B  mc_w.l(entry9a.o)
    0x08000198   0x08000198   0x00000000   Code   RO         7671    .ARM.Collect$$$$0000000D  mc_w.l(entry10a.o)
    0x08000198   0x08000198   0x00000000   Code   RO         7673    .ARM.Collect$$$$0000000F  mc_w.l(entry11a.o)
    0x08000198   0x08000198   0x00000004   Code   RO         7662    .ARM.Collect$$$$00002712  mc_w.l(entry2.o)
    0x0800019c   0x0800019c   0x00000024   Code   RO         1286    .text               startup_stm32f40xx.o
    0x080001c0   0x080001c0   0x00000062   Code   RO         7366    .text               mc_w.l(uldiv.o)
    0x08000222   0x08000222   0x00000062   Code   RO         7368    .text               mc_w.l(ldiv.o)
    0x08000284   0x08000284   0x00000024   Code   RO         7370    .text               mc_w.l(memcpya.o)
    0x080002a8   0x080002a8   0x00000024   Code   RO         7374    .text               mc_w.l(memseta.o)
    0x080002cc   0x080002cc   0x00000024   Code   RO         7376    .text               mc_w.l(strstr.o)
    0x080002f0   0x080002f0   0x00000018   Code   RO         7378    .text               mc_w.l(strncpy.o)
    0x08000308   0x08000308   0x0000000e   Code   RO         7380    .text               mc_w.l(strlen.o)
    0x08000316   0x08000316   0x0000001c   Code   RO         7382    .text               mc_w.l(strcmp.o)
    0x08000332   0x08000332   0x00000012   Code   RO         7384    .text               mc_w.l(strcpy.o)
    0x08000344   0x08000344   0x00000038   Code   RO         7649    .text               mc_w.l(__0sscanf.o)
    0x0800037c   0x0800037c   0x0000014c   Code   RO         7651    .text               mc_w.l(_scanf_int.o)
    0x080004c8   0x080004c8   0x000000e0   Code   RO         7653    .text               mc_w.l(_scanf_str.o)
    0x080005a8   0x080005a8   0x0000001a   Code   RO         7655    .text               mc_w.l(atoi.o)
    0x080005c2   0x080005c2   0x00000026   Code   RO         7657    .text               mf_w.l(f2d.o)
    0x080005e8   0x080005e8   0x00000038   Code   RO         7659    .text               mf_w.l(d2f.o)
    0x08000620   0x08000620   0x0000002c   Code   RO         7676    .text               mc_w.l(uidiv.o)
    0x0800064c   0x0800064c   0x0000001e   Code   RO         7678    .text               mc_w.l(llshl.o)
    0x0800066a   0x0800066a   0x00000020   Code   RO         7680    .text               mc_w.l(llushr.o)
    0x0800068a   0x0800068a   0x0000001c   Code   RO         7689    .text               mc_w.l(_chval.o)
    0x080006a6   0x080006a6   0x00000002   PAD
    0x080006a8   0x080006a8   0x00000028   Code   RO         7691    .text               mc_w.l(scanf_char.o)
    0x080006d0   0x080006d0   0x00000040   Code   RO         7693    .text               mc_w.l(_sgetc.o)
    0x08000710   0x08000710   0x0000009c   Code   RO         7695    .text               mc_w.l(strtod.o)
    0x080007ac   0x080007ac   0x00000070   Code   RO         7697    .text               mc_w.l(strtol.o)
    0x0800081c   0x0800081c   0x00000000   Code   RO         7699    .text               mc_w.l(iusefp.o)
    0x0800081c   0x0800081c   0x0000006e   Code   RO         7700    .text               mf_w.l(fepilogue.o)
    0x0800088a   0x0800088a   0x0000014e   Code   RO         7702    .text               mf_w.l(dadd.o)
    0x080009d8   0x080009d8   0x000000e4   Code   RO         7704    .text               mf_w.l(dmul.o)
    0x08000abc   0x08000abc   0x000000de   Code   RO         7706    .text               mf_w.l(ddiv.o)
    0x08000b9a   0x08000b9a   0x00000030   Code   RO         7708    .text               mf_w.l(dfixul.o)
    0x08000bca   0x08000bca   0x00000002   PAD
    0x08000bcc   0x08000bcc   0x00000030   Code   RO         7710    .text               mf_w.l(cdrcmple.o)
    0x08000bfc   0x08000bfc   0x00000024   Code   RO         7712    .text               mc_w.l(init.o)
    0x08000c20   0x08000c20   0x00000024   Code   RO         7714    .text               mc_w.l(llsshr.o)
    0x08000c44   0x08000c44   0x00000008   Code   RO         7718    .text               mc_w.l(ctype_o.o)
    0x08000c4c   0x08000c4c   0x00000012   Code   RO         7740    .text               mc_w.l(isspace_o.o)
    0x08000c5e   0x08000c5e   0x00000002   PAD
    0x08000c60   0x08000c60   0x0000032c   Code   RO         7746    .text               mc_w.l(_scanf.o)
    0x08000f8c   0x08000f8c   0x00000360   Code   RO         7748    .text               mc_w.l(scanf_fp.o)
    0x080012ec   0x080012ec   0x0000009e   Code   RO         7752    .text               mc_w.l(_strtoul.o)
    0x0800138a   0x0800138a   0x000000ba   Code   RO         7754    .text               mf_w.l(depilogue.o)
    0x08001444   0x08001444   0x00000018   Code   RO         7759    .text               mf_w.l(dfltul.o)
    0x0800145c   0x0800145c   0x0000006c   Code   RO          966    i.AT_Connect_WiFi   at.o
    0x080014c8   0x080014c8   0x00000048   Code   RO          967    i.AT_Get_HTTP       at.o
    0x08001510   0x08001510   0x000000e4   Code   RO          969    i.AT_Get_WiFi_Info  at.o
    0x080015f4   0x080015f4   0x00000050   Code   RO          970    i.AT_Init           at.o
    0x08001644   0x08001644   0x00000016   Code   RO          971    i.AT_Is_WiFi_Conected  at.o
    0x0800165a   0x0800165a   0x00000002   PAD
    0x0800165c   0x0800165c   0x00000038   Code   RO          972    i.AT_SNTP_Get_Time  at.o
    0x08001694   0x08001694   0x00000028   Code   RO          973    i.AT_SNTP_Init      at.o
    0x080016bc   0x080016bc   0x00000088   Code   RO          974    i.AT_USART_Init     at.o
    0x08001744   0x08001744   0x000000ac   Code   RO          975    i.AT_Usart_Wait_Receive  at.o
    0x080017f0   0x080017f0   0x00000018   Code   RO          976    i.AT_WiFi_Init      at.o
    0x08001808   0x08001808   0x00000064   Code   RO          977    i.AT_Write_Command  at.o
    0x0800186c   0x0800186c   0x00000058   Code   RO          305    i.Board_Init        board.o
    0x080018c4   0x080018c4   0x0000004e   Code   RO          306    i.Board_Peripheral_Init  board.o
    0x08001912   0x08001912   0x00000002   PAD
    0x08001914   0x08001914   0x000001b8   Code   RO          842    i.Boot_Page_Display  boot_page.o
    0x08001acc   0x08001acc   0x00000002   Code   RO            4    i.BusFault_Handler  stm32f4xx_it.o
    0x08001ace   0x08001ace   0x00000002   PAD
    0x08001ad0   0x08001ad0   0x000000dc   Code   RO          418    i.Clock_CivilFromDays  app.o
    0x08001bac   0x08001bac   0x0000008c   Code   RO          419    i.Clock_DaysFromCivil  app.o
    0x08001c38   0x08001c38   0x000000b8   Code   RO          420    i.Clock_GetDateTime  app.o
    0x08001cf0   0x08001cf0   0x0000000c   Code   RO          421    i.Clock_IsSynced    app.o
    0x08001cfc   0x08001cfc   0x00000060   Code   RO          422    i.Clock_Sync        app.o
    0x08001d5c   0x08001d5c   0x00000030   Code   RO         1165    i.DHT22_GPIO_Output  dht22.o
    0x08001d8c   0x08001d8c   0x00000018   Code   RO         1166    i.DHT22_Init        dht22.o
    0x08001da4   0x08001da4   0x00000170   Code   RO         1167    i.DHT22_ReadData    dht22.o
    0x08001f14   0x08001f14   0x0000002c   Code   RO         2407    i.DMA_ClearFlag     stm32f4xx_dma.o
    0x08001f40   0x08001f40   0x00000014   Code   RO         2409    i.DMA_Cmd           stm32f4xx_dma.o
    0x08001f54   0x08001f54   0x00000124   Code   RO         2410    i.DMA_DeInit        stm32f4xx_dma.o
    0x08002078   0x08002078   0x0000000e   Code   RO         2414    i.DMA_GetCmdStatus  stm32f4xx_dma.o
    0x08002086   0x08002086   0x00000002   PAD
    0x08002088   0x08002088   0x00000034   Code   RO         2418    i.DMA_GetFlagStatus  stm32f4xx_dma.o
    0x080020bc   0x080020bc   0x00000054   Code   RO         2421    i.DMA_Init          stm32f4xx_dma.o
    0x08002110   0x08002110   0x00000022   Code   RO         2425    i.DMA_StructInit    stm32f4xx_dma.o
    0x08002132   0x08002132   0x00000002   Code   RO            5    i.DebugMon_Handler  stm32f4xx_it.o
    0x08002134   0x08002134   0x000000a2   Code   RO         3209    i.GPIO_Init         stm32f4xx_gpio.o
    0x080021d6   0x080021d6   0x00000020   Code   RO         3210    i.GPIO_PinAFConfig  stm32f4xx_gpio.o
    0x080021f6   0x080021f6   0x0000000e   Code   RO         3213    i.GPIO_ReadInputDataBit  stm32f4xx_gpio.o
    0x08002204   0x08002204   0x00000006   Code   RO         3216    i.GPIO_ResetBits    stm32f4xx_gpio.o
    0x0800220a   0x0800220a   0x00000004   Code   RO         3217    i.GPIO_SetBits      stm32f4xx_gpio.o
    0x0800220e   0x0800220e   0x00000012   Code   RO         3218    i.GPIO_StructInit   stm32f4xx_gpio.o
    0x08002220   0x08002220   0x0000000a   Code   RO         3221    i.GPIO_WriteBit     stm32f4xx_gpio.o
    0x0800222a   0x0800222a   0x00000002   PAD
    0x0800222c   0x0800222c   0x0000003c   Code   RO          353    i.Get_SysTick_Cnt   delay.o
    0x08002268   0x08002268   0x00000024   Code   RO          354    i.Get_ms            delay.o
    0x0800228c   0x0800228c   0x00000002   Code   RO            6    i.HardFault_Handler  stm32f4xx_it.o
    0x0800228e   0x0800228e   0x00000002   PAD
    0x08002290   0x08002290   0x00000058   Code   RO          879    i.Main_Page_Clock_Colon_Draw  main_page.o
    0x080022e8   0x080022e8   0x00000074   Code   RO          880    i.Main_Page_Clock_Draw  main_page.o
    0x0800235c   0x0800235c   0x00000074   Code   RO          881    i.Main_Page_Clock_Draw_HH  main_page.o
    0x080023d0   0x080023d0   0x00000078   Code   RO          882    i.Main_Page_Clock_Draw_MM  main_page.o
    0x08002448   0x08002448   0x00000078   Code   RO          883    i.Main_Page_Clock_Update  main_page.o
    0x080024c0   0x080024c0   0x000000b0   Code   RO          884    i.Main_Page_Date_Draw  main_page.o
    0x08002570   0x08002570   0x0000001c   Code   RO          885    i.Main_Page_Display  main_page.o
    0x0800258c   0x0800258c   0x00000180   Code   RO          886    i.Main_Page_Room    main_page.o
    0x0800270c   0x0800270c   0x00000004   Code   RO          887    i.Main_Page_Room_Update  main_page.o
    0x08002710   0x08002710   0x00000140   Code   RO          888    i.Main_Page_Top     main_page.o
    0x08002850   0x08002850   0x000001c4   Code   RO          889    i.Main_Page_Weather  main_page.o
    0x08002a14   0x08002a14   0x00000004   Code   RO          890    i.Main_Page_Weather_Update  main_page.o
    0x08002a18   0x08002a18   0x00000002   Code   RO            7    i.MemManage_Handler  stm32f4xx_it.o
    0x08002a1a   0x08002a1a   0x00000002   Code   RO            8    i.NMI_Handler       stm32f4xx_it.o
    0x08002a1c   0x08002a1c   0x00000064   Code   RO         1334    i.NVIC_Init         misc.o
    0x08002a80   0x08002a80   0x00000002   Code   RO            9    i.PendSV_Handler    stm32f4xx_it.o
    0x08002a82   0x08002a82   0x00000002   PAD
    0x08002a84   0x08002a84   0x00000018   Code   RO         4135    i.RCC_AHB1PeriphClockCmd  stm32f4xx_rcc.o
    0x08002a9c   0x08002a9c   0x00000018   Code   RO         4144    i.RCC_APB1PeriphClockCmd  stm32f4xx_rcc.o
    0x08002ab4   0x08002ab4   0x00000018   Code   RO         4147    i.RCC_APB2PeriphClockCmd  stm32f4xx_rcc.o
    0x08002acc   0x08002acc   0x00000094   Code   RO         4156    i.RCC_GetClocksFreq  stm32f4xx_rcc.o
    0x08002b60   0x08002b60   0x00000014   Code   RO         5293    i.SPI_Cmd           stm32f4xx_spi.o
    0x08002b74   0x08002b74   0x00000010   Code   RO         5294    i.SPI_DataSizeConfig  stm32f4xx_spi.o
    0x08002b84   0x08002b84   0x00000010   Code   RO         5299    i.SPI_I2S_DMACmd    stm32f4xx_spi.o
    0x08002b94   0x08002b94   0x0000000e   Code   RO         5301    i.SPI_I2S_GetFlagStatus  stm32f4xx_spi.o
    0x08002ba2   0x08002ba2   0x00000004   Code   RO         5305    i.SPI_I2S_SendData  stm32f4xx_spi.o
    0x08002ba6   0x08002ba6   0x00000038   Code   RO         5306    i.SPI_Init          stm32f4xx_spi.o
    0x08002bde   0x08002bde   0x00000018   Code   RO         5309    i.SPI_StructInit    stm32f4xx_spi.o
    0x08002bf6   0x08002bf6   0x00000002   PAD
    0x08002bf8   0x08002bf8   0x000000bc   Code   RO         1069    i.ST7789_DMA_Pump   st7789.o
    0x08002cb4   0x08002cb4   0x00000184   Code   RO         1070    i.ST7789_Display_Init  st7789.o
    0x08002e38   0x08002e38   0x00000044   Code   RO         1071    i.ST7789_Draw_Picture  st7789.o
    0x08002e7c   0x08002e7c   0x00000100   Code   RO         1072    i.ST7789_Draw_Picture_AutoTransparent  st7789.o
    0x08002f7c   0x08002f7c   0x0000003c   Code   RO         1073    i.ST7789_Fill_Color  st7789.o
    0x08002fb8   0x08002fb8   0x0000009c   Code   RO         1074    i.ST7789_GPIO_Init  st7789.o
    0x08003054   0x08003054   0x000000ac   Code   RO         1075    i.ST7789_Init       st7789.o
    0x08003100   0x08003100   0x00000040   Code   RO         1076    i.ST7789_SPI_SetDataSize  st7789.o
    0x08003140   0x08003140   0x00000038   Code   RO         1077    i.ST7789_Send8      st7789.o
    0x08003178   0x08003178   0x000000b4   Code   RO         1078    i.ST7789_SetWindow  st7789.o
    0x0800322c   0x0800322c   0x00000018   Code   RO         1079    i.ST7789_Wait_BSY   st7789.o
    0x08003244   0x08003244   0x00000040   Code   RO         1080    i.ST7789_Write_Gram  st7789.o
    0x08003284   0x08003284   0x00000044   Code   RO         1081    i.ST7789_Write_Reg  st7789.o
    0x080032c8   0x080032c8   0x000001d0   Code   RO         1082    i.ST7789_Write_String  st7789.o
    0x08003498   0x08003498   0x00000002   Code   RO           10    i.SVC_Handler       stm32f4xx_it.o
    0x0800349a   0x0800349a   0x00000002   PAD
    0x0800349c   0x0800349c   0x000002cc   Code   RO          423    i.Service_Init      app.o
    0x08003768   0x08003768   0x00000090   Code   RO          424    i.Service_Room_Update  app.o
    0x080037f8   0x080037f8   0x00000044   Code   RO          425    i.Service_Time_Sync  app.o
    0x0800383c   0x0800383c   0x000000c0   Code   RO          426    i.Service_Weather_Update  app.o
    0x080038fc   0x080038fc   0x00000070   Code   RO          427    i.Service_WiFi_Update  app.o
    0x0800396c   0x0800396c   0x000000b4   Code   RO         1293    i.SetSysClock       system_stm32f4xx.o
    0x08003a20   0x08003a20   0x00000028   Code   RO          356    i.SysTick_Handler   delay.o
    0x08003a48   0x08003a48   0x00000024   Code   RO          357    i.SysTick_Init      delay.o
    0x08003a6c   0x08003a6c   0x0000005c   Code   RO         1295    i.SystemInit        system_stm32f4xx.o
    0x08003ac8   0x08003ac8   0x0000000c   Code   RO         1200    i.TIM5_Get_ms       timer.o
    0x08003ad4   0x08003ad4   0x00000040   Code   RO         1201    i.TIM5_IRQHandler   timer.o
    0x08003b14   0x08003b14   0x00000070   Code   RO         1202    i.TIM5_Init         timer.o
    0x08003b84   0x08003b84   0x00000006   Code   RO         5524    i.TIM_ClearITPendingBit  stm32f4xx_tim.o
    0x08003b8a   0x08003b8a   0x00000014   Code   RO         5529    i.TIM_Cmd           stm32f4xx_tim.o
    0x08003b9e   0x08003b9e   0x00000018   Code   RO         5550    i.TIM_GetITStatus   stm32f4xx_tim.o
    0x08003bb6   0x08003bb6   0x00000010   Code   RO         5554    i.TIM_ITConfig      stm32f4xx_tim.o
    0x08003bc6   0x08003bc6   0x00000002   PAD
    0x08003bc8   0x08003bc8   0x0000007c   Code   RO         5601    i.TIM_TimeBaseInit  stm32f4xx_tim.o
    0x08003c44   0x08003c44   0x00000050   Code   RO          307    i.Test              board.o
    0x08003c94   0x08003c94   0x00000034   Code   RO         1244    i.USART1_IRQHandler  usart.o
    0x08003cc8   0x08003cc8   0x00000006   Code   RO         6066    i.USART_ClearFlag   stm32f4xx_usart.o
    0x08003cce   0x08003cce   0x0000000c   Code   RO         6067    i.USART_ClearITPendingBit  stm32f4xx_usart.o
    0x08003cda   0x08003cda   0x00000014   Code   RO         6070    i.USART_Cmd         stm32f4xx_usart.o
    0x08003cee   0x08003cee   0x0000000e   Code   RO         6073    i.USART_GetFlagStatus  stm32f4xx_usart.o
    0x08003cfc   0x08003cfc   0x0000003e   Code   RO         6074    i.USART_GetITStatus  stm32f4xx_usart.o
    0x08003d3a   0x08003d3a   0x00000002   PAD
    0x08003d3c   0x08003d3c   0x000000ac   Code   RO         6077    i.USART_Init        stm32f4xx_usart.o
    0x08003de8   0x08003de8   0x00000008   Code   RO         6084    i.USART_ReceiveData  stm32f4xx_usart.o
    0x08003df0   0x08003df0   0x00000008   Code   RO         6087    i.USART_SendData    stm32f4xx_usart.o
    0x08003df8   0x08003df8   0x00000016   Code   RO         6093    i.USART_StructInit  stm32f4xx_usart.o
    0x08003e0e   0x08003e0e   0x00000002   Code   RO           11    i.UsageFault_Handler  stm32f4xx_it.o
    0x08003e10   0x08003e10   0x00000084   Code   RO         1245    i.Usart2_Debug_Init  usart.o
    0x08003e94   0x08003e94   0x00000074   Code   RO          428    i.Wireless_Init     app.o
    0x08003f08   0x08003f08   0x00000020   Code   RO         7621    i.__0printf         mc_w.l(printfa.o)
    0x08003f28   0x08003f28   0x00000030   Code   RO         7622    i.__0snprintf       mc_w.l(printfa.o)
    0x08003f58   0x08003f58   0x00000028   Code   RO         7623    i.__0sprintf        mc_w.l(printfa.o)
    0x08003f80   0x08003f80   0x00000008   Code   RO         7682    i.__aeabi_errno_addr  mc_w.l(errno.o)
    0x08003f88   0x08003f88   0x00000038   Code   RO         7357    i.__hardfp_atof     m_wm.l(atof.o)
    0x08003fc0   0x08003fc0   0x0000000c   Code   RO         7683    i.__read_errno      mc_w.l(errno.o)
    0x08003fcc   0x08003fcc   0x0000000e   Code   RO         7763    i.__scatterload_copy  mc_w.l(handlers.o)
    0x08003fda   0x08003fda   0x00000002   Code   RO         7764    i.__scatterload_null  mc_w.l(handlers.o)
    0x08003fdc   0x08003fdc   0x0000000e   Code   RO         7765    i.__scatterload_zeroinit  mc_w.l(handlers.o)
    0x08003fea   0x08003fea   0x00000002   PAD
    0x08003fec   0x08003fec   0x0000000c   Code   RO         7684    i.__set_errno       mc_w.l(errno.o)
    0x08003ff8   0x08003ff8   0x00000184   Code   RO         7628    i._fp_digits        mc_w.l(printfa.o)
    0x0800417c   0x0800417c   0x0000000e   Code   RO         7750    i._is_digit         mc_w.l(scanf_fp.o)
    0x0800418a   0x0800418a   0x00000002   PAD
    0x0800418c   0x0800418c   0x000006dc   Code   RO         7629    i._printf_core      mc_w.l(printfa.o)
    0x08004868   0x08004868   0x00000024   Code   RO         7630    i._printf_post_padding  mc_w.l(printfa.o)
    0x0800488c   0x0800488c   0x0000002e   Code   RO         7631    i._printf_pre_padding  mc_w.l(printfa.o)
    0x080048ba   0x080048ba   0x00000016   Code   RO         7632    i._snputc           mc_w.l(printfa.o)
    0x080048d0   0x080048d0   0x0000000a   Code   RO         7633    i._sputc            mc_w.l(printfa.o)
    0x080048da   0x080048da   0x00000002   PAD
    0x080048dc   0x080048dc   0x00000038   Code   RO          358    i.delay_ms          delay.o
    0x08004914   0x08004914   0x0000003c   Code   RO          359    i.delay_us          delay.o
    0x08004950   0x08004950   0x0000002c   Code   RO          308    i.fputc             board.o
    0x0800497c   0x0800497c   0x000000dc   Code   RO          255    i.loop              loop.o
    0x08004a58   0x08004a58   0x00000012   Code   RO          180    i.main              main.o
    0x08004a6a   0x08004a6a   0x00000002   PAD
    0x08004a6c   0x08004a6c   0x000000e8   Code   RO          978    i.parse_cipsntptime_response  at.o
    0x08004b54   0x08004b54   0x0000016c   Code   RO          979    i.parse_weather_response  at.o
    0x08004cc0   0x08004cc0   0x00000034   Code   RO          256    i.period_callback   loop.o
    0x08004cf4   0x08004cf4   0x0000000c   Code   RO         1203    i.register_period_callback  timer.o
    0x08004d00   0x08004d00   0x00000020   Data   RO          534    .constdata          font_16.o
    0x08004d20   0x08004d20   0x00000020   Data   RO          535    .constdata          font_16.o
    0x08004d40   0x08004d40   0x000005f0   Data   RO          536    .constdata          font_16.o
    0x08005330   0x08005330   0x000005f0   Data   RO          537    .constdata          font_16.o
    0x08005920   0x08005920   0x00000018   Data   RO          538    .constdata          font_16.o
    0x08005938   0x08005938   0x0000000c   Data   RO          539    .constdata          font_16.o
    0x08005944   0x08005944   0x0000000c   Data   RO          540    .constdata          font_16.o
    0x08005950   0x08005950   0x00000042   Data   RO          566    .constdata          font_22.o
    0x08005992   0x08005992   0x00000042   Data   RO          567    .constdata          font_22.o
    0x080059d4   0x080059d4   0x00000042   Data   RO          568    .constdata          font_22.o
    0x08005a16   0x08005a16   0x00000042   Data   RO          569    .constdata          font_22.o
    0x08005a58   0x08005a58   0x00000042   Data   RO          570    .constdata          font_22.o
    0x08005a9a   0x08005a9a   0x00000042   Data   RO          571    .constdata          font_22.o
    0x08005adc   0x08005adc   0x00000042   Data   RO          572    .constdata          font_22.o
    0x08005b1e   0x08005b1e   0x00000042   Data   RO          573    .constdata          font_22.o
    0x08005b60   0x08005b60   0x00000042   Data   RO          574    .constdata          font_22.o
    0x08005ba2   0x08005ba2   0x00000042   Data   RO          575    .constdata          font_22.o
    0x08005be4   0x08005be4   0x00000042   Data   RO          576    .constdata          font_22.o
    0x08005c26   0x08005c26   0x00000042   Data   RO          577    .constdata          font_22.o
    0x08005c68   0x08005c68   0x00000042   Data   RO          578    .constdata          font_22.o
    0x08005caa   0x08005caa   0x00000042   Data   RO          579    .constdata          font_22.o
    0x08005cec   0x08005cec   0x00000042   Data   RO          580    .constdata          font_22.o
    0x08005d2e   0x08005d2e   0x00000042   Data   RO          581    .constdata          font_22.o
    0x08005d70   0x08005d70   0x00000042   Data   RO          582    .constdata          font_22.o
    0x08005db2   0x08005db2   0x00000042   Data   RO          583    .constdata          font_22.o
    0x08005df4   0x08005df4   0x00000042   Data   RO          584    .constdata          font_22.o
    0x08005e36   0x08005e36   0x00000042   Data   RO          585    .constdata          font_22.o
    0x08005e78   0x08005e78   0x00000042   Data   RO          586    .constdata          font_22.o
    0x08005eba   0x08005eba   0x00000042   Data   RO          587    .constdata          font_22.o
    0x08005efc   0x08005efc   0x00000042   Data   RO          588    .constdata          font_22.o
    0x08005f3e   0x08005f3e   0x00000042   Data   RO          589    .constdata          font_22.o
    0x08005f80   0x08005f80   0x00000042   Data   RO          590    .constdata          font_22.o
    0x08005fc2   0x08005fc2   0x00000042   Data   RO          591    .constdata          font_22.o
    0x08006004   0x08006004   0x00000042   Data   RO          592    .constdata          font_22.o
    0x08006046   0x08006046   0x00000042   Data   RO          593    .constdata          font_22.o
    0x08006088   0x08006088   0x00001054   Data   RO          595    .constdata          font_22.o
    0x080070dc   0x080070dc   0x000000e8   Data   RO          596    .constdata          font_22.o
    0x080071c4   0x080071c4   0x0000000c   Data   RO          598    .constdata          font_22.o
    0x080071d0   0x080071d0   0x00003570   Data   RO          653    .constdata          font_48.o
    0x0800a740   0x0800a740   0x0000000c   Data   RO          655    .constdata          font_48.o
    0x0800a74c   0x0800a74c   0x00000c80   Data   RO          680    .constdata          image.o
    0x0800b3cc   0x0800b3cc   0x00000320   Data   RO          681    .constdata          image.o
    0x0800b6ec   0x0800b6ec   0x00000320   Data   RO          682    .constdata          image.o
    0x0800ba0c   0x0800ba0c   0x00000320   Data   RO          683    .constdata          image.o
    0x0800bd2c   0x0800bd2c   0x00000320   Data   RO          684    .constdata          image.o
    0x0800c04c   0x0800c04c   0x00001388   Data   RO          685    .constdata          image.o
    0x0800d3d4   0x0800d3d4   0x00001388   Data   RO          687    .constdata          image.o
    0x0800e75c   0x0800e75c   0x00001388   Data   RO          688    .constdata          image.o
    0x0800fae4   0x0800fae4   0x00000008   Data   RO          689    .constdata          image.o
    0x0800faec   0x0800faec   0x00000008   Data   RO          690    .constdata          image.o
    0x0800faf4   0x0800faf4   0x00000008   Data   RO          691    .constdata          image.o
    0x0800fafc   0x0800fafc   0x00000008   Data   RO          692    .constdata          image.o
    0x0800fb04   0x0800fb04   0x00000008   Data   RO          693    .constdata          image.o
    0x0800fb0c   0x0800fb0c   0x00000008   Data   RO          694    .constdata          image.o
    0x0800fb14   0x0800fb14   0x00000008   Data   RO          696    .constdata          image.o
    0x0800fb1c   0x0800fb1c   0x00000008   Data   RO          697    .constdata          image.o
    0x0800fb24   0x0800fb24   0x00025800   Data   RO          722    .constdata          image_boot_page.o
    0x08035324   0x08035324   0x00000008   Data   RO          723    .constdata          image_boot_page.o
    0x0803532c   0x0803532c   0x00001388   Data   RO          774    .constdata          image_weather.o
    0x080366b4   0x080366b4   0x00001388   Data   RO          775    .constdata          image_weather.o
    0x08037a3c   0x08037a3c   0x00001388   Data   RO          776    .constdata          image_weather.o
    0x08038dc4   0x08038dc4   0x00001388   Data   RO          777    .constdata          image_weather.o
    0x0803a14c   0x0803a14c   0x00001388   Data   RO          778    .constdata          image_weather.o
    0x0803b4d4   0x0803b4d4   0x00001388   Data   RO          779    .constdata          image_weather.o
    0x0803c85c   0x0803c85c   0x00001388   Data   RO          780    .constdata          image_weather.o
    0x0803dbe4   0x0803dbe4   0x00001388   Data   RO          781    .constdata          image_weather.o
    0x0803ef6c   0x0803ef6c   0x00001388   Data   RO          782    .constdata          image_weather.o
    0x080402f4   0x080402f4   0x00001388   Data   RO          783    .constdata          image_weather.o
    0x0804167c   0x0804167c   0x00001388   Data   RO          784    .constdata          image_weather.o
    0x08042a04   0x08042a04   0x00001388   Data   RO          785    .constdata          image_weather.o
    0x08043d8c   0x08043d8c   0x00001388   Data   RO          786    .constdata          image_weather.o
    0x08045114   0x08045114   0x00001388   Data   RO          787    .constdata          image_weather.o
    0x0804649c   0x0804649c   0x00001388   Data   RO          788    .constdata          image_weather.o
    0x08047824   0x08047824   0x00001388   Data   RO          789    .constdata          image_weather.o
    0x08048bac   0x08048bac   0x00001388   Data   RO          790    .constdata          image_weather.o
    0x08049f34   0x08049f34   0x00001388   Data   RO          791    .constdata          image_weather.o
    0x0804b2bc   0x0804b2bc   0x00001388   Data   RO          792    .constdata          image_weather.o
    0x0804c644   0x0804c644   0x00001388   Data   RO          793    .constdata          image_weather.o
    0x0804d9cc   0x0804d9cc   0x00001388   Data   RO          794    .constdata          image_weather.o
    0x0804ed54   0x0804ed54   0x00001388   Data   RO          795    .constdata          image_weather.o
    0x080500dc   0x080500dc   0x00000008   Data   RO          796    .constdata          image_weather.o
    0x080500e4   0x080500e4   0x00000008   Data   RO          797    .constdata          image_weather.o
    0x080500ec   0x080500ec   0x00000008   Data   RO          798    .constdata          image_weather.o
    0x080500f4   0x080500f4   0x00000008   Data   RO          799    .constdata          image_weather.o
    0x080500fc   0x080500fc   0x00000008   Data   RO          800    .constdata          image_weather.o
    0x08050104   0x08050104   0x00000008   Data   RO          801    .constdata          image_weather.o
    0x0805010c   0x0805010c   0x00000008   Data   RO          802    .constdata          image_weather.o
    0x08050114   0x08050114   0x00000008   Data   RO          803    .constdata          image_weather.o
    0x0805011c   0x0805011c   0x00000008   Data   RO          804    .constdata          image_weather.o
    0x08050124   0x08050124   0x00000008   Data   RO          805    .constdata          image_weather.o
    0x0805012c   0x0805012c   0x00000008   Data   RO          806    .constdata          image_weather.o
    0x08050134   0x08050134   0x00000008   Data   RO          807    .constdata          image_weather.o
    0x0805013c   0x0805013c   0x00000008   Data   RO          808    .constdata          image_weather.o
    0x08050144   0x08050144   0x00000008   Data   RO          809    .constdata          image_weather.o
    0x0805014c   0x0805014c   0x00000008   Data   RO          810    .constdata          image_weather.o
    0x08050154   0x08050154   0x00000008   Data   RO          811    .constdata          image_weather.o
    0x0805015c   0x0805015c   0x00000008   Data   RO          812    .constdata          image_weather.o
    0x08050164   0x08050164   0x00000008   Data   RO          813    .constdata          image_weather.o
    0x0805016c   0x0805016c   0x00000008   Data   RO          814    .constdata          image_weather.o
    0x08050174   0x08050174   0x00000008   Data   RO          815    .constdata          image_weather.o
    0x0805017c   0x0805017c   0x00000008   Data   RO          816    .constdata          image_weather.o
    0x08050184   0x08050184   0x00000008   Data   RO          817    .constdata          image_weather.o
    0x0805018c   0x0805018c   0x00000168   Data   RO          891    .constdata          main_page.o
    0x080502f4   0x080502f4   0x0000006c   Data   RO          981    .constdata          at.o
    0x08050360   0x08050360   0x00000081   Data   RO         7719    .constdata          mc_w.l(ctype_o.o)
    0x080503e1   0x080503e1   0x00000003   PAD
    0x080503e4   0x080503e4   0x00000004   Data   RO         7720    .constdata          mc_w.l(ctype_o.o)
    0x080503e8   0x080503e8   0x00000109   Data   RO          430    .conststring        app.o
    0x080504f1   0x080504f1   0x00000003   PAD
    0x080504f4   0x080504f4   0x00000007   Data   RO          541    .conststring        font_16.o
    0x080504fb   0x080504fb   0x00000001   PAD
    0x080504fc   0x080504fc   0x0000006b   Data   RO          599    .conststring        font_22.o
    0x08050567   0x08050567   0x00000001   PAD
    0x08050568   0x08050568   0x0000008d   Data   RO          892    .conststring        main_page.o
    0x080505f5   0x080505f5   0x00000003   PAD
    0x080505f8   0x080505f8   0x00000070   Data   RO          982    .conststring        at.o
    0x08050668   0x08050668   0x00000020   Data   RO         7761    Region$$Table       anon$$obj.o


    Execution Region RW_IRAM1 (Exec base: 0x20000000, Load base: 0x08050688, Size: 0x00007168, Max: 0x00020000, ABSOLUTE)

    Exec Addr    Load Addr    Size         Type   Attr      Idx    E Section Name        Object

    0x20000000   0x08050688   0x00000014   Data   RW          257    .data               loop.o
    0x20000014   0x0805069c   0x00000004   PAD
    0x20000018   0x080506a0   0x00000008   Data   RW          360    .data               delay.o
    0x20000020   0x080506a8   0x0000004c   Data   RW          431    .data               app.o
    0x2000006c   0x080506f4   0x00000010   Data   RW          893    .data               main_page.o
    0x2000007c   0x08050704   0x00000001   Data   RW         1084    .data               st7789.o
    0x2000007d   0x08050705   0x00000003   PAD
    0x20000080   0x08050708   0x00000010   Data   RW         1204    .data               timer.o
    0x20000090   0x08050718   0x00000001   Data   RW         1247    .data               usart.o
    0x20000091   0x08050719   0x00000003   PAD
    0x20000094   0x0805071c   0x00000014   Data   RW         1296    .data               system_stm32f4xx.o
    0x200000a8   0x08050730   0x00000010   Data   RW         4188    .data               stm32f4xx_rcc.o
    0x200000b8   0x08050740   0x00000004   Data   RW         7675    .data               mc_w.l(stdout.o)
    0x200000bc   0x08050744   0x00000004   Data   RW         7685    .data               mc_w.l(errno.o)
    0x200000c0        -       0x00000124   Zero   RW          429    .bss                app.o
    0x200001e4        -       0x00000080   Zero   RW          843    .bss                boot_page.o
    0x20000264        -       0x00000500   Zero   RW          980    .bss                at.o
    0x20000764        -       0x00005a00   Zero   RW         1083    .bss                st7789.o
    0x20006164   0x08050748   0x00000004   PAD
    0x20006168        -       0x00001000   Zero   RW         1283    STACK               startup_stm32f40xx.o


==============================================================================

Image component sizes


      Code (inc. data)   RO Data    RW Data    ZI Data      Debug   Object Name

      2000        790        265         76        292       7920   app.o
      1634        542        220          0       1280      10590   at.o
       290         62          0          0          0       2424   board.o
       440        116          0          0        128       4117   boot_page.o
       288         42          0          8          0       3554   delay.o
       440         14          0          0          0       2518   dht22.o
         0          0       3159          0          0       1432   font_16.o
         0          0       6379          0          0       1432   font_22.o
         0          0      13692          0          0       1384   font_48.o
         0          0      21464          0          0       2735   image.o
         0          0     153608          0          0       2423   image_boot_page.o
         0          0     110176          0          0       3371   image_weather.o
       272         32          0         20          0       3031   loop.o
        18          0          0          0          0       4154   main.o
      1928        234        501         16          0       9927   main_page.o
       100          4          0          0          0       1012   misc.o
      2208        158          0          1      23040      12776   st7789.o
        36          8        392          0       4096        816   startup_stm32f40xx.o
       540         48          0          0          0       5966   stm32f4xx_dma.o
       246          0          0          0          0       4805   stm32f4xx_gpio.o
        16          0          0          0          0     315284   stm32f4xx_it.o
       220         34          0         16          0       4835   stm32f4xx_rcc.o
       150          0          0          0          0       4815   stm32f4xx_spi.o
       190         28          0          0          0       4801   stm32f4xx_tim.o
       324          8          0          0          0       6595   stm32f4xx_usart.o
       272         36          0         20          0       1717   system_stm32f4xx.o
       200         34          0         16          0       2463   timer.o
       184         18          0          1          0       1346   usart.o

    ----------------------------------------------------------------------
     12020       2208     309896        184      28840     428243   Object Totals
         0          0         32          0          0          0   (incl. Generated)
        24          0          8         10          4          0   (incl. Padding)

    ----------------------------------------------------------------------

      Code (inc. data)   RO Data    RW Data    ZI Data      Debug   Library Member Name

        56         12          0          0          0        132   atof.o
        56          8          0          0          0         84   __0sscanf.o
        28          0          0          0          0         68   _chval.o
       812          4          0          0          0        112   _scanf.o
       332          0          0          0          0         96   _scanf_int.o
       224          0          0          0          0         96   _scanf_str.o
        64          0          0          0          0         84   _sgetc.o
       158          0          0          0          0         92   _strtoul.o
        26          0          0          0          0         80   atoi.o
         8          4        133          0          0         68   ctype_o.o
         0          0          0          0          0          0   entry.o
         0          0          0          0          0          0   entry10a.o
         0          0          0          0          0          0   entry11a.o
         8          4          0          0          0          0   entry2.o
         4          0          0          0          0          0   entry5.o
         0          0          0          0          0          0   entry7b.o
         0          0          0          0          0          0   entry8b.o
         8          4          0          0          0          0   entry9a.o
        32         16          0          4          0        204   errno.o
        30          0          0          0          0          0   handlers.o
        36          8          0          0          0         68   init.o
        18          0          0          0          0         76   isspace_o.o
         0          0          0          0          0          0   iusefp.o
        98          0          0          0          0         84   ldiv.o
        30          0          0          0          0         68   llshl.o
        36          0          0          0          0         68   llsshr.o
        32          0          0          0          0         68   llushr.o
        36          0          0          0          0         68   memcpya.o
        36          0          0          0          0        108   memseta.o
      2378        100          0          0          0        756   printfa.o
        40          8          0          0          0         84   scanf_char.o
       878         12          0          0          0        216   scanf_fp.o
         0          0          0          4          0          0   stdout.o
        28          0          0          0          0         76   strcmp.o
        18          0          0          0          0         68   strcpy.o
        14          0          0          0          0         68   strlen.o
        24          0          0          0          0         76   strncpy.o
        36          0          0          0          0         80   strstr.o
       156         12          0          0          0        120   strtod.o
       112          0          0          0          0         88   strtol.o
        44          0          0          0          0         80   uidiv.o
        98          0          0          0          0         92   uldiv.o
        48          0          0          0          0         68   cdrcmple.o
        56          0          0          0          0         88   d2f.o
       334          0          0          0          0        148   dadd.o
       222          0          0          0          0        100   ddiv.o
       186          0          0          0          0        176   depilogue.o
        48          0          0          0          0         68   dfixul.o
        24          0          0          0          0         76   dfltul.o
       228          0          0          0          0         96   dmul.o
        38          0          0          0          0         68   f2d.o
       110          0          0          0          0        168   fepilogue.o

    ----------------------------------------------------------------------
      7300        192        136          8          0       4584   Library Totals
        12          0          3          0          0          0   (incl. Padding)

    ----------------------------------------------------------------------

      Code (inc. data)   RO Data    RW Data    ZI Data      Debug   Library Name

        56         12          0          0          0        132   m_wm.l
      5938        180        133          8          0       3396   mc_w.l
      1294          0          0          0          0       1056   mf_w.l

    ----------------------------------------------------------------------
      7300        192        136          8          0       4584   Library Totals

    ----------------------------------------------------------------------

==============================================================================


      Code (inc. data)   RO Data    RW Data    ZI Data      Debug   

     19320       2400     310032        192      28840     418887   Grand Totals
     19320       2400     310032        192      28840     418887   ELF Image Totals
     19320       2400     310032        192          0          0   ROM Totals

==============================================================================

    Total RO  Size (Code + RO Data)               329352 ( 321.63kB)
    Total RW  Size (RW Data + ZI Data)             29032 (  28.35kB)
    Total ROM Size (Code + RO Data + RW Data)     329544 ( 321.82kB)

==============================================================================

